Archive member included to satisfy reference by file (symbol)

c:/users/user/desktop/iti_data/arm/imt_sdk/imt sdk/03- imt sdk/imt_sdk_win_64/imt_sdk_win_64/winarm/armgcc/bin/../lib/gcc/arm-none-eabi/7.2.1/../../../../arm-none-eabi/lib/thumb/v7e-m\libg_nano.a(lib_a-errno.o)
                              ./system/src/newlib/_sbrk.o (__errno)
c:/users/user/desktop/iti_data/arm/imt_sdk/imt sdk/03- imt sdk/imt_sdk_win_64/imt_sdk_win_64/winarm/armgcc/bin/../lib/gcc/arm-none-eabi/7.2.1/../../../../arm-none-eabi/lib/thumb/v7e-m\libg_nano.a(lib_a-impure.o)
                              c:/users/user/desktop/iti_data/arm/imt_sdk/imt sdk/03- imt sdk/imt_sdk_win_64/imt_sdk_win_64/winarm/armgcc/bin/../lib/gcc/arm-none-eabi/7.2.1/../../../../arm-none-eabi/lib/thumb/v7e-m\libg_nano.a(lib_a-errno.o) (_impure_ptr)
c:/users/user/desktop/iti_data/arm/imt_sdk/imt sdk/03- imt sdk/imt_sdk_win_64/imt_sdk_win_64/winarm/armgcc/bin/../lib/gcc/arm-none-eabi/7.2.1/../../../../arm-none-eabi/lib/thumb/v7e-m\libg_nano.a(lib_a-strlen.o)
                              ./system/src/diag/Trace.o (strlen)
c:/users/user/desktop/iti_data/arm/imt_sdk/imt sdk/03- imt sdk/imt_sdk_win_64/imt_sdk_win_64/winarm/armgcc/bin/../lib/gcc/arm-none-eabi/7.2.1/../../../../arm-none-eabi/lib/thumb/v7e-m\libg_nano.a(lib_a-vsnprintf.o)
                              ./system/src/diag/Trace.o (vsnprintf)
c:/users/user/desktop/iti_data/arm/imt_sdk/imt sdk/03- imt sdk/imt_sdk_win_64/imt_sdk_win_64/winarm/armgcc/bin/../lib/gcc/arm-none-eabi/7.2.1/../../../../arm-none-eabi/lib/thumb/v7e-m\libg_nano.a(lib_a-nano-svfprintf.o)
                              c:/users/user/desktop/iti_data/arm/imt_sdk/imt sdk/03- imt sdk/imt_sdk_win_64/imt_sdk_win_64/winarm/armgcc/bin/../lib/gcc/arm-none-eabi/7.2.1/../../../../arm-none-eabi/lib/thumb/v7e-m\libg_nano.a(lib_a-vsnprintf.o) (_svfprintf_r)
c:/users/user/desktop/iti_data/arm/imt_sdk/imt sdk/03- imt sdk/imt_sdk_win_64/imt_sdk_win_64/winarm/armgcc/bin/../lib/gcc/arm-none-eabi/7.2.1/../../../../arm-none-eabi/lib/thumb/v7e-m\libg_nano.a(lib_a-nano-vfprintf_i.o)
                              c:/users/user/desktop/iti_data/arm/imt_sdk/imt sdk/03- imt sdk/imt_sdk_win_64/imt_sdk_win_64/winarm/armgcc/bin/../lib/gcc/arm-none-eabi/7.2.1/../../../../arm-none-eabi/lib/thumb/v7e-m\libg_nano.a(lib_a-nano-svfprintf.o) (_printf_i)
c:/users/user/desktop/iti_data/arm/imt_sdk/imt sdk/03- imt sdk/imt_sdk_win_64/imt_sdk_win_64/winarm/armgcc/bin/../lib/gcc/arm-none-eabi/7.2.1/../../../../arm-none-eabi/lib/thumb/v7e-m\libg_nano.a(lib_a-memchr.o)
                              c:/users/user/desktop/iti_data/arm/imt_sdk/imt sdk/03- imt sdk/imt_sdk_win_64/imt_sdk_win_64/winarm/armgcc/bin/../lib/gcc/arm-none-eabi/7.2.1/../../../../arm-none-eabi/lib/thumb/v7e-m\libg_nano.a(lib_a-nano-svfprintf.o) (memchr)
c:/users/user/desktop/iti_data/arm/imt_sdk/imt sdk/03- imt sdk/imt_sdk_win_64/imt_sdk_win_64/winarm/armgcc/bin/../lib/gcc/arm-none-eabi/7.2.1/../../../../arm-none-eabi/lib/thumb/v7e-m\libg_nano.a(lib_a-memcpy-stub.o)
                              c:/users/user/desktop/iti_data/arm/imt_sdk/imt sdk/03- imt sdk/imt_sdk_win_64/imt_sdk_win_64/winarm/armgcc/bin/../lib/gcc/arm-none-eabi/7.2.1/../../../../arm-none-eabi/lib/thumb/v7e-m\libg_nano.a(lib_a-nano-svfprintf.o) (memcpy)
c:/users/user/desktop/iti_data/arm/imt_sdk/imt sdk/03- imt sdk/imt_sdk_win_64/imt_sdk_win_64/winarm/armgcc/bin/../lib/gcc/arm-none-eabi/7.2.1/../../../../arm-none-eabi/lib/thumb/v7e-m\libg_nano.a(lib_a-memmove.o)
                              c:/users/user/desktop/iti_data/arm/imt_sdk/imt sdk/03- imt sdk/imt_sdk_win_64/imt_sdk_win_64/winarm/armgcc/bin/../lib/gcc/arm-none-eabi/7.2.1/../../../../arm-none-eabi/lib/thumb/v7e-m\libg_nano.a(lib_a-nano-svfprintf.o) (memmove)
c:/users/user/desktop/iti_data/arm/imt_sdk/imt sdk/03- imt sdk/imt_sdk_win_64/imt_sdk_win_64/winarm/armgcc/bin/../lib/gcc/arm-none-eabi/7.2.1/../../../../arm-none-eabi/lib/thumb/v7e-m\libg_nano.a(lib_a-nano-freer.o)
                              c:/users/user/desktop/iti_data/arm/imt_sdk/imt sdk/03- imt sdk/imt_sdk_win_64/imt_sdk_win_64/winarm/armgcc/bin/../lib/gcc/arm-none-eabi/7.2.1/../../../../arm-none-eabi/lib/thumb/v7e-m\libg_nano.a(lib_a-nano-svfprintf.o) (_free_r)
c:/users/user/desktop/iti_data/arm/imt_sdk/imt sdk/03- imt sdk/imt_sdk_win_64/imt_sdk_win_64/winarm/armgcc/bin/../lib/gcc/arm-none-eabi/7.2.1/../../../../arm-none-eabi/lib/thumb/v7e-m\libg_nano.a(lib_a-nano-mallocr.o)
                              c:/users/user/desktop/iti_data/arm/imt_sdk/imt sdk/03- imt sdk/imt_sdk_win_64/imt_sdk_win_64/winarm/armgcc/bin/../lib/gcc/arm-none-eabi/7.2.1/../../../../arm-none-eabi/lib/thumb/v7e-m\libg_nano.a(lib_a-nano-svfprintf.o) (_malloc_r)
c:/users/user/desktop/iti_data/arm/imt_sdk/imt sdk/03- imt sdk/imt_sdk_win_64/imt_sdk_win_64/winarm/armgcc/bin/../lib/gcc/arm-none-eabi/7.2.1/../../../../arm-none-eabi/lib/thumb/v7e-m\libg_nano.a(lib_a-nano-reallocr.o)
[...]
Memory Configuration

Name             Origin             Length             Attributes
RAM              0x20000000         0x00010000         xrw
CCMRAM           0x10000000         0x00000000         xrw
FLASH            0x08000000         0x00040000         xr
FLASHB1          0x00000000         0x00000000         xr
EXTMEMB0         0x00000000         0x00000000         xr
EXTMEMB1         0x00000000         0x00000000         xr
EXTMEMB2         0x00000000         0x00000000         xr
EXTMEMB3         0x00000000         0x00000000         xr
*default*        0x00000000         0xffffffff

Linker script and memory map

LOAD ./system/src/stm32f4-hal/stm32f4xx_hal.o
LOAD ./system/src/stm32f4-hal/stm32f4xx_hal_cortex.o
LOAD ./system/src/stm32f4-hal/stm32f4xx_hal_dfsdm.o
LOAD ./system/src/stm32f4-hal/stm32f4xx_hal_flash.o
LOAD ./system/src/stm32f4-hal/stm32f4xx_hal_gpio.o
LOAD ./system/src/stm32f4-hal/stm32f4xx_hal_iwdg.o
LOAD ./system/src/stm32f4-hal/stm32f4xx_hal_pwr.o
LOAD ./system/src/stm32f4-hal/stm32f4xx_hal_rcc.o
LOAD ./system/src/newlib/_cxx.o
LOAD ./system/src/newlib/_exit.o
LOAD ./system/src/newlib/_sbrk.o
LOAD ./system/src/newlib/_startup.o
LOAD ./system/src/newlib/_syscalls.o
LOAD ./system/src/newlib/assert.o
LOAD ./system/src/diag/Trace.o
LOAD ./system/src/diag/trace_impl.o
LOAD ./system/src/cortexm/_initialize_hardware.o
LOAD ./system/src/cortexm/_reset_hardware.o
LOAD ./system/src/cortexm/exception_handlers.o
LOAD ./system/src/cmsis/system_stm32f4xx.o
LOAD ./system/src/cmsis/vectors_stm32f401xc.o
LOAD ./src/DCMotor_prog.o
LOAD ./src/Delay_Program.o
LOAD ./src/HTFT_Program.o
LOAD ./src/MDMA_Program.o
LOAD ./src/MEXTI_prog.o
LOAD ./src/MGPIO_program.o
LOAD ./src/MNVIC_Program.o
LOAD ./src/MRCC_prog.o
LOAD ./src/MSPI_Program.o
LOAD ./src/MSYSTICK_Program.o
LOAD ./src/MTIMER4_prog.o
LOAD ./src/MUSART_Program.o
LOAD ./src/main.o
LOAD c:/users/user/desktop/iti_data/arm/imt_sdk/imt sdk/03- imt sdk/imt_sdk_win_64/imt_sdk_win_64/winarm/armgcc/bin/../lib/gcc/arm-none-eabi/7.2.1/../../../../arm-none-eabi/lib/thumb/v7e-m\libstdc++_nano.a
LOAD c:/users/user/desktop/iti_data/arm/imt_sdk/imt sdk/03- imt sdk/imt_sdk_win_64/imt_sdk_win_64/winarm/armgcc/bin/../lib/gcc/arm-none-eabi/7.2.1/../../../../arm-none-eabi/lib/thumb/v7e-m\libm.a
START GROUP
LOAD c:/users/user/desktop/iti_data/arm/imt_sdk/imt sdk/03- imt sdk/imt_sdk_win_64/imt_sdk_win_64/winarm/armgcc/bin/../lib/gcc/arm-none-eabi/7.2.1/thumb/v7e-m\libgcc.a
LOAD c:/users/user/desktop/iti_data/arm/imt_sdk/imt sdk/03- imt sdk/imt_sdk_win_64/imt_sdk_win_64/winarm/armgcc/bin/../lib/gcc/arm-none-eabi/7.2.1/../../../../arm-none-eabi/lib/thumb/v7e-m\libg_nano.a
LOAD c:/users/user/desktop/iti_data/arm/imt_sdk/imt sdk/03- imt sdk/imt_sdk_win_64/imt_sdk_win_64/winarm/armgcc/bin/../lib/gcc/arm-none-eabi/7.2.1/../../../../arm-none-eabi/lib/thumb/v7e-m\libc_nano.a
END GROUP
START GROUP
LOAD c:/users/user/desktop/iti_data/arm/imt_sdk/imt sdk/03- imt sdk/imt_sdk_win_64/imt_sdk_win_64/winarm/armgcc/bin/../lib/gcc/arm-none-eabi/7.2.1/thumb/v7e-m\libgcc.a
LOAD c:/users/user/desktop/iti_data/arm/imt_sdk/imt sdk/03- imt sdk/imt_sdk_win_64/imt_sdk_win_64/winarm/armgcc/bin/../lib/gcc/arm-none-eabi/7.2.1/../../../../arm-none-eabi/lib/thumb/v7e-m\libc_nano.a
END GROUP
                0x20010000                __stack = (ORIGIN (RAM) + LENGTH (RAM))
                0x20010000                _estack = __stack
                0x00000400                __Main_Stack_Size = 0x400
                [!provide]                PROVIDE (_Main_Stack_Size, __Main_Stack_Size)
                0x2000fc00                __Main_Stack_Limit = (__stack - __Main_Stack_Size)
                [!provide]                PROVIDE (_Main_Stack_Limit, __Main_Stack_Limit)
                0x00000100                _Minimum_Stack_Size = 0x100
                0x200001f8                PROVIDE (_Heap_Begin, _end_noinit)
                0x2000fc00                PROVIDE (_Heap_Limit, (__stack - __Main_Stack_Size))

.isr_vector     0x08000000      0x3f4
 FILL mask 0xff
                0x08000000                __vectors_start = ABSOLUTE (.)
                0x08000000                __vectors_start__ = ABSOLUTE (.)
 *(.isr_vector)
 .isr_vector    0x08000000      0x194 ./system/src/cmsis/vectors_stm32f401xc.o
                0x08000000                __isr_vectors
 *(.cfmconfig)
 *(.after_vectors .after_vectors.*)
 .after_vectors
                0x08000194      0x130 ./system/src/newlib/_startup.o
                0x08000194                _start
 .after_vectors
                0x080002c4      0x12c ./system/src/cortexm/exception_handlers.o
                0x080002c4                Reset_Handler
                0x080002ca                NMI_Handler
                0x080002ce                HardFault_Handler
                0x080002e2                HardFault_Handler_C
                0x08000340                MemManage_Handler
                0x08000344                BusFault_Handler
                0x08000358                BusFault_Handler_C
                0x0800038c                UsageFault_Handler
                0x080003a0                UsageFault_Handler_C
                0x080003d4                SVC_Handler
                0x080003d8                DebugMon_Handler
                0x080003dc                PendSV_Handler
 .after_vectors
                0x080003f0        0x4 ./system/src/cmsis/vectors_stm32f401xc.o
                0x080003f0                RTC_Alarm_IRQHandler
                0x080003f0                EXTI2_IRQHandler
                0x080003f0                SPI4_IRQHandler
                0x080003f0                TIM1_CC_IRQHandler
                0x080003f0                DMA2_Stream5_IRQHandler
                0x080003f0                DMA1_Stream5_IRQHandler
                0x080003f0                PVD_IRQHandler
                0x080003f0                SDIO_IRQHandler
                0x080003f0                TAMP_STAMP_IRQHandler
                0x080003f0                EXTI3_IRQHandler
                0x080003f0                TIM1_UP_TIM10_IRQHandler
                0x080003f0                I2C3_ER_IRQHandler
                0x080003f0                I2C2_EV_IRQHandler
                0x080003f0                DMA1_Stream2_IRQHandler
                0x080003f0                FPU_IRQHandler
                0x080003f0                DMA2_Stream2_IRQHandler
                0x080003f0                TIM1_BRK_TIM9_IRQHandler
                0x080003f0                DMA2_Stream3_IRQHandler
                0x080003f0                USART6_IRQHandler
                0x080003f0                TIM4_IRQHandler
                0x080003f0                I2C1_EV_IRQHandler
                0x080003f0                DMA1_Stream6_IRQHandler
                0x080003f0                DMA1_Stream1_IRQHandler
                0x080003f0                TIM3_IRQHandler
                0x080003f0                RCC_IRQHandler
                0x080003f0                Default_Handler
                0x080003f0                EXTI15_10_IRQHandler
                0x080003f0                ADC_IRQHandler
                0x080003f0                DMA1_Stream7_IRQHandler
                0x080003f0                TIM5_IRQHandler
                0x080003f0                DMA2_Stream7_IRQHandler
                0x080003f0                I2C3_EV_IRQHandler
                0x080003f0                EXTI9_5_IRQHandler
                0x080003f0                RTC_WKUP_IRQHandler
                0x080003f0                SPI2_IRQHandler
                0x080003f0                DMA1_Stream0_IRQHandler
                0x080003f0                EXTI4_IRQHandler
                0x080003f0                WWDG_IRQHandler
                0x080003f0                TIM2_IRQHandler
                0x080003f0                OTG_FS_WKUP_IRQHandler
                0x080003f0                TIM1_TRG_COM_TIM11_IRQHandler
                0x080003f0                USART2_IRQHandler
                0x080003f0                I2C2_ER_IRQHandler
                0x080003f0                DMA2_Stream1_IRQHandler
                0x080003f0                FLASH_IRQHandler
                0x080003f0                DMA2_Stream4_IRQHandler
                0x080003f0                OTG_FS_IRQHandler
                0x080003f0                SPI3_IRQHandler
                0x080003f0                DMA1_Stream4_IRQHandler
                0x080003f0                I2C1_ER_IRQHandler
                0x080003f0                DMA2_Stream6_IRQHandler
                0x080003f0                DMA1_Stream3_IRQHandler

.inits          0x080003f4       0x28
                0x080003f4                __data_regions_array_start = .
                0x080003f4        0x4 LONG 0x801a37c LOADADDR (.data)
                0x080003f8        0x4 LONG 0x20000000 ADDR (.data)
                0x080003fc        0x4 LONG 0x20000078 (ADDR (.data) + SIZEOF (.data))
                0x08000400        0x4 LONG 0x801a37c LOADADDR (.data_CCMRAM)
                0x08000404        0x4 LONG 0x10000000 ADDR (.data_CCMRAM)
                0x08000408        0x4 LONG 0x10000000 (ADDR (.data_CCMRAM) + SIZEOF (.data_CCMRAM))
                0x0800040c                __data_regions_array_end = .
                0x0800040c                __bss_regions_array_start = .
                0x0800040c        0x4 LONG 0x20000078 ADDR (.bss)
                0x08000410        0x4 LONG 0x200001f8 (ADDR (.bss) + SIZEOF (.bss))
                0x08000414        0x4 LONG 0x10000000 ADDR (.bss_CCMRAM)
                0x08000418        0x4 LONG 0x10000000 (ADDR (.bss_CCMRAM) + SIZEOF (.bss_CCMRAM))
                0x0800041c                __bss_regions_array_end = .
 *(.init)
 *(.fini)
                0x0800041c                . = ALIGN (0x4)
                0x0800041c                PROVIDE (__preinit_array_start, .)
 *(.preinit_array_sysinit .preinit_array_sysinit.*)
 *(.preinit_array_platform .preinit_array_platform.*)
 *(.preinit_array .preinit_array.*)
                0x0800041c                PROVIDE (__preinit_array_end, .)
                0x0800041c                . = ALIGN (0x4)
                0x0800041c                PROVIDE (__init_array_start, .)
 *(SORT_BY_NAME(.init_array.*))
 *(.init_array)
                0x0800041c                PROVIDE (__init_array_end, .)
                0x0800041c                . = ALIGN (0x4)
                0x0800041c                PROVIDE (__fini_array_start, .)
 *(SORT_BY_NAME(.fini_array.*))
 *(.fini_array)
                0x0800041c                PROVIDE (__fini_array_end, .)

.flashtext
 *(.flashtext .flashtext.*)

.text           0x08000420    0x19f5b
 *(.text .text.*)
 .text._exit    0x08000420        0x2 ./system/src/newlib/_exit.o
                0x08000420                _exit
 *fill*         0x08000422        0x2 
 .text._sbrk    0x08000424       0x44 ./system/src/newlib/_sbrk.o
                0x08000424                _sbrk
 .text.__initialize_args
                0x08000468       0x10 ./system/src/newlib/_syscalls.o
                0x08000468                __initialize_args
 .text.trace_printf
                0x08000478       0x30 ./system/src/diag/Trace.o
                0x08000478                trace_printf
 .text._trace_write_semihosting_debug
                0x080004a8       0x60 ./system/src/diag/trace_impl.o
 .text.trace_write
                0x08000508        0x8 ./system/src/diag/trace_impl.o
                0x08000508                trace_write
 .text.__initialize_hardware_early
                0x08000510       0x18 ./system/src/cortexm/_initialize_hardware.o
                0x08000510                __initialize_hardware_early
 .text.__initialize_hardware
                0x08000528        0x8 ./system/src/cortexm/_initialize_hardware.o
                0x08000528                __initialize_hardware
 .text.dumpExceptionStack
                0x08000530       0xf4 ./system/src/cortexm/exception_handlers.o
                0x08000530                dumpExceptionStack
 .text.isSemihosting
                0x08000624       0x20 ./system/src/cortexm/exception_handlers.o
                0x08000624                isSemihosting
 .text.SystemInit
                0x08000644       0x40 ./system/src/cmsis/system_stm32f4xx.o
                0x08000644                SystemInit
 .text.SystemCoreClockUpdate
                0x08000684       0xa0 ./system/src/cmsis/system_stm32f4xx.o
                0x08000684                SystemCoreClockUpdate
 .text.voidWriteData
                0x08000724       0x16 ./src/HTFT_Program.o
 .text.voidWriteCommand
                0x0800073a       0x16 ./src/HTFT_Program.o
 .text.HTFT_voidInitialize
                0x08000750       0x7c ./src/HTFT_Program.o
                0x08000750                HTFT_voidInitialize
 .text.HTFT_voidDisplayImage
                0x080007cc       0x68 ./src/HTFT_Program.o
                0x080007cc                HTFT_voidDisplayImage
 .text.DMA2_Stream0_IRQHandler
                0x08000834       0x10 ./src/MDMA_Program.o
                0x08000834                DMA2_Stream0_IRQHandler
 .text.MEXTI_voidSetSignalLatch
                0x08000844       0x4c ./src/MEXTI_prog.o
                0x08000844                MEXTI_voidSetSignalLatch
 .text.MEXTI0_voidSetCallBack
                0x08000890        0xc ./src/MEXTI_prog.o
                0x08000890                MEXTI0_voidSetCallBack
 .text.MEXTI_voidSetEXTIConfiguration
                0x0800089c       0x60 ./src/MEXTI_prog.o
                0x0800089c                MEXTI_voidSetEXTIConfiguration
 .text.EXTI0_IRQHandler
                0x080008fc       0x1c ./src/MEXTI_prog.o
                0x080008fc                EXTI0_IRQHandler
 .text.EXTI1_IRQHandler
                0x08000918       0x1c ./src/MEXTI_prog.o
                0x08000918                EXTI1_IRQHandler
 .text.MGPIO_voidSetPinMode
                0x08000934       0x7c ./src/MGPIO_program.o
                0x08000934                MGPIO_voidSetPinMode
 .text.MGPIO_voidSetPinOutPutType
                0x080009b0       0x70 ./src/MGPIO_program.o
                0x080009b0                MGPIO_voidSetPinOutPutType
 .text.MGPIO_voidSetPinOutSpeed
                0x08000a20       0x7c ./src/MGPIO_program.o
                0x08000a20                MGPIO_voidSetPinOutSpeed
 .text.MGPIO_voidSetPullType
                0x08000a9c       0x7c ./src/MGPIO_program.o
                0x08000a9c                MGPIO_voidSetPullType
 .text.MGPIO_voidWriteData
                0x08000b18      0x108 ./src/MGPIO_program.o
                0x08000b18                MGPIO_voidWriteData
 .text.MGPIO_voidSetPinAltFn
                0x08000c20      0x118 ./src/MGPIO_program.o
                0x08000c20                MGPIO_voidSetPinAltFn
 .text.MNVIC_voidEnableInterrupt
                0x08000d38       0x18 ./src/MNVIC_Program.o
                0x08000d38                MNVIC_voidEnableInterrupt
 .text.MRCC_voidEnablePeripheralClock
                0x08000d50       0x5c ./src/MRCC_prog.o
                0x08000d50                MRCC_voidEnablePeripheralClock
 .text.MRCC_voidInitSystemClk
                0x08000dac       0x20 ./src/MRCC_prog.o
                0x08000dac                MRCC_voidInitSystemClk
 .text.MSPI1_voidInit
                0x08000dcc       0x10 ./src/MSPI_Program.o
                0x08000dcc                MSPI1_voidInit
 .text.MSPI1_voidSendDataU8
                0x08000ddc       0x34 ./src/MSPI_Program.o
                0x08000ddc                MSPI1_voidSendDataU8
 .text.SPI1_IRQHandler
                0x08000e10       0x10 ./src/MSPI_Program.o
                0x08000e10                SPI1_IRQHandler
 .text.SysTick_Handler
                0x08000e20       0x18 ./src/MSYSTICK_Program.o
                0x08000e20                SysTick_Handler
 .text.MSTK_voidInit
                0x08000e38        0xc ./src/MSYSTICK_Program.o
                0x08000e38                MSTK_voidInit
 .text.MSTK_voidStart
                0x08000e44       0x18 ./src/MSYSTICK_Program.o
                0x08000e44                MSTK_voidStart
 .text.MSTK_voidINTStatus
                0x08000e5c       0x18 ./src/MSYSTICK_Program.o
                0x08000e5c                MSTK_voidINTStatus
 .text.MSTK_u8ReadFlag
                0x08000e74       0x10 ./src/MSYSTICK_Program.o
                0x08000e74                MSTK_u8ReadFlag
 .text.MSTK_voidSetCallBack
                0x08000e84        0xc ./src/MSYSTICK_Program.o
                0x08000e84                MSTK_voidSetCallBack
 .text.MSTK_voidSetIntervalSingle
                0x08000e90       0x30 ./src/MSYSTICK_Program.o
                0x08000e90                MSTK_voidSetIntervalSingle
 .text.MSTK_u32GetElapsedTime
                0x08000ec0       0x10 ./src/MSYSTICK_Program.o
                0x08000ec0                MSTK_u32GetElapsedTime
 .text.MSTK_voidDelayMs
                0x08000ed0       0x24 ./src/MSYSTICK_Program.o
                0x08000ed0                MSTK_voidDelayMs
 .text.MUSART_GetHandler
                0x08000ef4       0x20 ./src/MUSART_Program.o
 .text.MSUART_voidInit
                0x08000f14       0x60 ./src/MUSART_Program.o
                0x08000f14                MSUART_voidInit
 .text.MUSART_voidEnable
                0x08000f74       0x40 ./src/MUSART_Program.o
                0x08000f74                MUSART_voidEnable
 .text.MUSART_u8ReadData
                0x08000fb4        0xc ./src/MUSART_Program.o
                0x08000fb4                MUSART_u8ReadData
 .text.App_voidSetDAC
                0x08000fc0       0x38 ./src/main.o
                0x08000fc0                App_voidSetDAC
 .text.App_voidGetFrame
                0x08000ff8       0x50 ./src/main.o
                0x08000ff8                App_voidGetFrame
 .text.App_voidPlay
                0x08001048       0x28 ./src/main.o
                0x08001048                App_voidPlay
 .text.App_voidTakeAction
                0x08001070       0x9c ./src/main.o
                0x08001070                App_voidTakeAction
 .text.main     0x0800110c      0x16c ./src/main.o
                0x0800110c                main
 .text.USART1_IRQHandler
                0x08001278       0x14 ./src/main.o
                0x08001278                USART1_IRQHandler
 .text.__errno  0x0800128c        0xc c:/users/user/desktop/iti_data/arm/imt_sdk/imt sdk/03- imt sdk/imt_sdk_win_64/imt_sdk_win_64/winarm/armgcc/bin/../lib/gcc/arm-none-eabi/7.2.1/../../../../arm-none-eabi/lib/thumb/v7e-m\libg_nano.a(lib_a-errno.o)
                0x0800128c                __errno
 .text._vsnprintf_r
                0x08001298       0x58 c:/users/user/desktop/iti_data/arm/imt_sdk/imt sdk/03- imt sdk/imt_sdk_win_64/imt_sdk_win_64/winarm/armgcc/bin/../lib/gcc/arm-none-eabi/7.2.1/../../../../arm-none-eabi/lib/thumb/v7e-m\libg_nano.a(lib_a-vsnprintf.o)
                0x08001298                _vsniprintf_r
                0x08001298                _vsnprintf_r
 .text.vsnprintf
                0x080012f0       0x1c c:/users/user/desktop/iti_data/arm/imt_sdk/imt sdk/03- imt sdk/imt_sdk_win_64/imt_sdk_win_64/winarm/armgcc/bin/../lib/gcc/arm-none-eabi/7.2.1/../../../../arm-none-eabi/lib/thumb/v7e-m\libg_nano.a(lib_a-vsnprintf.o)
                0x080012f0                vsniprintf
                0x080012f0                vsnprintf
 .text.__ssputs_r
                0x0800130c       0xb4 c:/users/user/desktop/iti_data/arm/imt_sdk/imt sdk/03- imt sdk/imt_sdk_win_64/imt_sdk_win_64/winarm/armgcc/bin/../lib/gcc/arm-none-eabi/7.2.1/../../../../arm-none-eabi/lib/thumb/v7e-m\libg_nano.a(lib_a-nano-svfprintf.o)
                0x0800130c                __ssputs_r
 .text._svfprintf_r
                0x080013c0      0x1ec c:/users/user/desktop/iti_data/arm/imt_sdk/imt sdk/03- imt sdk/imt_sdk_win_64/imt_sdk_win_64/winarm/armgcc/bin/../lib/gcc/arm-none-eabi/7.2.1/../../../../arm-none-eabi/lib/thumb/v7e-m\libg_nano.a(lib_a-nano-svfprintf.o)
                0x080013c0                _svfiprintf_r
                0x080013c0                _svfprintf_r
 .text._printf_common
                0x080015ac       0xea c:/users/user/desktop/iti_data/arm/imt_sdk/imt sdk/03- imt sdk/imt_sdk_win_64/imt_sdk_win_64/winarm/armgcc/bin/../lib/gcc/arm-none-eabi/7.2.1/../../../../arm-none-eabi/lib/thumb/v7e-m\libg_nano.a(lib_a-nano-vfprintf_i.o)
                0x080015ac                _printf_common
 *fill*         0x08001696        0x2 
 .text._printf_i
                0x08001698      0x224 c:/users/user/desktop/iti_data/arm/imt_sdk/imt sdk/03- imt sdk/imt_sdk_win_64/imt_sdk_win_64/winarm/armgcc/bin/../lib/gcc/arm-none-eabi/7.2.1/../../../../arm-none-eabi/lib/thumb/v7e-m\libg_nano.a(lib_a-nano-vfprintf_i.o)
                0x08001698                _printf_i
 *fill*         0x080018bc        0x4 
 .text          0x080018c0       0xa0 c:/users/user/desktop/iti_data/arm/imt_sdk/imt sdk/03- imt sdk/imt_sdk_win_64/imt_sdk_win_64/winarm/armgcc/bin/../lib/gcc/arm-none-eabi/7.2.1/../../../../arm-none-eabi/lib/thumb/v7e-m\libg_nano.a(lib_a-memchr.o)
                0x080018c0                memchr
 .text.memcpy   0x08001960       0x16 c:/users/user/desktop/iti_data/arm/imt_sdk/imt sdk/03- imt sdk/imt_sdk_win_64/imt_sdk_win_64/winarm/armgcc/bin/../lib/gcc/arm-none-eabi/7.2.1/../../../../arm-none-eabi/lib/thumb/v7e-m\libg_nano.a(lib_a-memcpy-stub.o)
                0x08001960                memcpy
 .text.memmove  0x08001976       0x32 c:/users/user/desktop/iti_data/arm/imt_sdk/imt sdk/03- imt sdk/imt_sdk_win_64/imt_sdk_win_64/winarm/armgcc/bin/../lib/gcc/arm-none-eabi/7.2.1/../../../../arm-none-eabi/lib/thumb/v7e-m\libg_nano.a(lib_a-memmove.o)
                0x08001976                memmove
 .text._free_r  0x080019a8       0x9c c:/users/user/desktop/iti_data/arm/imt_sdk/imt sdk/03- imt sdk/imt_sdk_win_64/imt_sdk_win_64/winarm/armgcc/bin/../lib/gcc/arm-none-eabi/7.2.1/../../../../arm-none-eabi/lib/thumb/v7e-m\libg_nano.a(lib_a-nano-freer.o)
                0x080019a8                _free_r
 .text._malloc_r
                0x08001a44       0xb4 c:/users/user/desktop/iti_data/arm/imt_sdk/imt sdk/03- imt sdk/imt_sdk_win_64/imt_sdk_win_64/winarm/armgcc/bin/../lib/gcc/arm-none-eabi/7.2.1/../../../../arm-none-eabi/lib/thumb/v7e-m\libg_nano.a(lib_a-nano-mallocr.o)
                0x08001a44                _malloc_r
 .text._realloc_r
                0x08001af8       0x4c c:/users/user/desktop/iti_data/arm/imt_sdk/imt sdk/03- imt sdk/imt_sdk_win_64/imt_sdk_win_64/winarm/armgcc/bin/../lib/gcc/arm-none-eabi/7.2.1/../../../../arm-none-eabi/lib/thumb/v7e-m\libg_nano.a(lib_a-nano-reallocr.o)
                0x08001af8                _realloc_r
 .text._sbrk_r  0x08001b44       0x20 c:/users/user/desktop/iti_data/arm/imt_sdk/imt sdk/03- imt sdk/imt_sdk_win_64/imt_sdk_win_64/winarm/armgcc/bin/../lib/gcc/arm-none-eabi/7.2.1/../../../../arm-none-eabi/lib/thumb/v7e-m\libg_nano.a(lib_a-sbrkr.o)
                0x08001b44                _sbrk_r
 .text.__malloc_lock
                0x08001b64        0x2 c:/users/user/desktop/iti_data/arm/imt_sdk/imt sdk/03- imt sdk/imt_sdk_win_64/imt_sdk_win_64/winarm/armgcc/bin/../lib/gcc/arm-none-eabi/7.2.1/../../../../arm-none-eabi/lib/thumb/v7e-m\libg_nano.a(lib_a-mlock.o)
                0x08001b64                __malloc_lock
 .text.__malloc_unlock
                0x08001b66        0x2 c:/users/user/desktop/iti_data/arm/imt_sdk/imt sdk/03- imt sdk/imt_sdk_win_64/imt_sdk_win_64/winarm/armgcc/bin/../lib/gcc/arm-none-eabi/7.2.1/../../../../arm-none-eabi/lib/thumb/v7e-m\libg_nano.a(lib_a-mlock.o)
                0x08001b66                __malloc_unlock
 .text._malloc_usable_size_r
                0x08001b68       0x10 c:/users/user/desktop/iti_data/arm/imt_sdk/imt sdk/03- imt sdk/imt_sdk_win_64/imt_sdk_win_64/winarm/armgcc/bin/../lib/gcc/arm-none-eabi/7.2.1/../../../../arm-none-eabi/lib/thumb/v7e-m\libg_nano.a(lib_a-nano-msizer.o)
                0x08001b68                _malloc_usable_size_r
 *(.rodata .rodata.* .constdata .constdata.*)
 .rodata.dumpExceptionStack.str1.4
                0x08001b78      0x11a ./system/src/cortexm/exception_handlers.o
 *fill*         0x08001c92        0x2 
 .rodata.str1.4
                0x08001c94       0x2c ./system/src/cortexm/exception_handlers.o
                                 0x2a (size before relaxing)
 .rodata.AHBPrescTable
                0x08001cc0       0x10 ./system/src/cmsis/system_stm32f4xx.o
                0x08001cc0                AHBPrescTable
 .rodata.pic2   0x08001cd0     0xa000 ./src/main.o
                0x08001cd0                pic2
 .rodata.speedwarning_raw
                0x0800bcd0     0x4678 ./src/main.o
                0x0800bcd0                speedwarning_raw
 .rodata.welcome1
                0x08010348     0xa000 ./src/main.o
                0x08010348                welcome1
 .rodata._svfprintf_r.str1.1
                0x0801a348       0x11 c:/users/user/desktop/iti_data/arm/imt_sdk/imt sdk/03- imt sdk/imt_sdk_win_64/imt_sdk_win_64/winarm/armgcc/bin/../lib/gcc/arm-none-eabi/7.2.1/../../../../arm-none-eabi/lib/thumb/v7e-m\libg_nano.a(lib_a-nano-svfprintf.o)
 .rodata._printf_i.str1.1
                0x0801a359       0x22 c:/users/user/desktop/iti_data/arm/imt_sdk/imt sdk/03- imt sdk/imt_sdk_win_64/imt_sdk_win_64/winarm/armgcc/bin/../lib/gcc/arm-none-eabi/7.2.1/../../../../arm-none-eabi/lib/thumb/v7e-m\libg_nano.a(lib_a-nano-vfprintf_i.o)
 *(vtable)
 *(.eh_frame*)
 *(.glue_7)
 .glue_7        0x0801a37b        0x0 linker stubs
 *(.glue_7t)
 .glue_7t       0x0801a37b        0x0 linker stubs

.vfp11_veneer   0x0801a37c        0x0
 .vfp11_veneer  0x0801a37c        0x0 linker stubs

.v4_bx          0x0801a37c        0x0
 .v4_bx         0x0801a37c        0x0 linker stubs

.iplt           0x0801a37c        0x0
 .iplt          0x0801a37c        0x0 ./system/src/newlib/_exit.o

.rel.dyn        0x0801a37c        0x0
 .rel.iplt      0x0801a37c        0x0 ./system/src/newlib/_exit.o

.ARM.extab
 *(.ARM.extab* .gnu.linkonce.armextab.*)
                0x0801a37c                . = ALIGN (0x4)
                0x0801a37c                __exidx_start = .

.ARM.exidx
 *(.ARM.exidx* .gnu.linkonce.armexidx.*)
                0x0801a37c                __exidx_end = .
                0x0801a37c                . = ALIGN (0x4)
                0x0801a37c                _etext = .
                0x0801a37c                __etext = .

.data_CCMRAM    0x10000000        0x0 load address 0x0801a37c
 FILL mask 0xff
 *(.data.CCMRAM .data.CCMRAM.*)
                0x10000000                . = ALIGN (0x4)
                0x0801a37c                _sidata = LOADADDR (.data)

.data           0x20000000       0x78 load address 0x0801a37c
 FILL mask 0xff
                0x20000000                _sdata = .
                0x20000000                __data_start__ = .
 *(.data_begin .data_begin.*)
 .data_begin    0x20000000        0x4 ./system/src/newlib/_startup.o
 *(.data .data.*)
 .data.argv.4310
                0x20000004        0x8 ./system/src/newlib/_syscalls.o
 .data.SystemCoreClock
                0x2000000c        0x4 ./system/src/cmsis/system_stm32f4xx.o
                0x2000000c                SystemCoreClock
 .data._impure_ptr
                0x20000010        0x4 c:/users/user/desktop/iti_data/arm/imt_sdk/imt sdk/03- imt sdk/imt_sdk_win_64/imt_sdk_win_64/winarm/armgcc/bin/../lib/gcc/arm-none-eabi/7.2.1/../../../../arm-none-eabi/lib/thumb/v7e-m\libg_nano.a(lib_a-impure.o)
                0x20000010                _impure_ptr
 .data.impure_data
                0x20000014       0x60 c:/users/user/desktop/iti_data/arm/imt_sdk/imt sdk/03- imt sdk/imt_sdk_win_64/imt_sdk_win_64/winarm/armgcc/bin/../lib/gcc/arm-none-eabi/7.2.1/../../../../arm-none-eabi/lib/thumb/v7e-m\libg_nano.a(lib_a-impure.o)
 *(.data_end .data_end.*)
 .data_end      0x20000074        0x4 ./system/src/newlib/_startup.o
                0x20000078                . = ALIGN (0x4)
                0x20000078                _edata = .
                0x20000078                __data_end__ = .

.igot.plt       0x20000078        0x0 load address 0x0801a3f4
 .igot.plt      0x20000078        0x0 ./system/src/newlib/_exit.o

.bss_CCMRAM     0x10000000        0x0
 *(.bss.CCMRAM .bss.CCMRAM.*)

.bss            0x20000078      0x180
                0x20000078                __bss_start__ = .
                0x20000078                _sbss = .
 *(.bss_begin .bss_begin.*)
 .bss_begin     0x20000078        0x4 ./system/src/newlib/_startup.o
 *(.bss .bss.*)
 .bss.current_heap_end.3961
                0x2000007c        0x4 ./system/src/newlib/_sbrk.o
 .bss.name.4309
                0x20000080        0x1 ./system/src/newlib/_syscalls.o
 *fill*         0x20000081        0x3 
 .bss.buf.5205  0x20000084       0x80 ./system/src/diag/Trace.o
 .bss.DMA_CallBackChannel1
                0x20000104        0x4 ./src/MDMA_Program.o
                0x20000104                DMA_CallBackChannel1
 .bss.EXTI0_CallBack
                0x20000108        0x4 ./src/MEXTI_prog.o
 .bss.EXTI1_CallBack
                0x2000010c        0x4 ./src/MEXTI_prog.o
 .bss.Global_u32FrameData
                0x20000110       0xc8 ./src/main.o
                0x20000110                Global_u32FrameData
 .bss.Global_u8Data
                0x200001d8        0x1 ./src/main.o
                0x200001d8                Global_u8Data
 .bss.Global_u8EdgeCounter
                0x200001d9        0x1 ./src/main.o
                0x200001d9                Global_u8EdgeCounter
 .bss.Global_u8Flag
                0x200001da        0x1 ./src/main.o
                0x200001da                Global_u8Flag
 .bss.L_u8msg   0x200001db        0x1 ./src/main.o
 .bss.flag      0x200001dc        0x1 ./src/main.o
                0x200001dc                flag
 *fill*         0x200001dd        0x1 
 .bss.i         0x200001de        0x2 ./src/main.o
                0x200001de                i
 .bss.__malloc_free_list
                0x200001e0        0x4 c:/users/user/desktop/iti_data/arm/imt_sdk/imt sdk/03- imt sdk/imt_sdk_win_64/imt_sdk_win_64/winarm/armgcc/bin/../lib/gcc/arm-none-eabi/7.2.1/../../../../arm-none-eabi/lib/thumb/v7e-m\libg_nano.a(lib_a-nano-mallocr.o)
                0x200001e0                __malloc_free_list
 .bss.__malloc_sbrk_start
                0x200001e4        0x4 c:/users/user/desktop/iti_data/arm/imt_sdk/imt sdk/03- imt sdk/imt_sdk_win_64/imt_sdk_win_64/winarm/armgcc/bin/../lib/gcc/arm-none-eabi/7.2.1/../../../../arm-none-eabi/lib/thumb/v7e-m\libg_nano.a(lib_a-nano-mallocr.o)
                0x200001e4                __malloc_sbrk_start
 *(COMMON)
 COMMON         0x200001e8        0x4 ./system/src/newlib/_syscalls.o
                0x200001e8                errno
 COMMON         0x200001ec        0x4 ./src/MSPI_Program.o
                0x200001ec                MSPI1_CallBack
 COMMON         0x200001f0        0x4 ./src/MSYSTICK_Program.o
                0x200001f0                MSTK_CallBack
 *(.bss_end .bss_end.*)
 .bss_end       0x200001f4        0x4 ./system/src/newlib/_startup.o
                0x200001f8                . = ALIGN (0x4)
                0x200001f8                __bss_end__ = .
                0x200001f8                _ebss = .

.noinit_CCMRAM
 *(.noinit.CCMRAM .noinit.CCMRAM.*)

.noinit         0x200001f8        0x0
                0x200001f8                _noinit = .
 *(.noinit .noinit.*)
                0x200001f8                . = ALIGN (0x4)
                0x200001f8                _end_noinit = .
                [!provide]                PROVIDE (end, _end_noinit)
                [!provide]                PROVIDE (_end, _end_noinit)
                [!provide]                PROVIDE (__end, _end_noinit)
                [!provide]                PROVIDE (__end__, _end_noinit)

._check_stack   0x200001f8      0x100
                0x200002f8                . = (. + _Minimum_Stack_Size)
 *fill*         0x200001f8      0x100 

.b1text
 *(.b1text)
 *(.b1rodata)
 *(.b1rodata.*)

.eb0text
 *(.eb0text)
 *(.eb0rodata)
 *(.eb0rodata.*)

.eb1text
 *(.eb1text)
 *(.eb1rodata)
 *(.eb1rodata.*)

.eb2text
 *(.eb2text)
 *(.eb2rodata)
 *(.eb2rodata.*)

.eb3text
 *(.eb3text)
 *(.eb3rodata)
 *(.eb3rodata.*)

.stab
 *(.stab)

.stabstr
 *(.stabstr)

.stab.excl
 *(.stab.excl)

.stab.exclstr
 *(.stab.exclstr)

.stab.index
 *(.stab.index)

.stab.indexstr
 *(.stab.indexstr)

.comment        0x00000000       0x7e
 *(.comment)
 .comment       0x00000000       0x7e ./system/src/newlib/_exit.o
                                 0x7f (size before relaxing)
 .comment       0x0000007e       0x7f ./system/src/newlib/_sbrk.o
 .comment       0x0000007e       0x7f ./system/src/newlib/_startup.o
 .comment       0x0000007e       0x7f ./system/src/newlib/_syscalls.o
 .comment       0x0000007e       0x7f ./system/src/diag/Trace.o
 .comment       0x0000007e       0x7f ./system/src/diag/trace_impl.o
 .comment       0x0000007e       0x7f ./system/src/cortexm/_initialize_hardware.o
 .comment       0x0000007e       0x7f ./system/src/cortexm/exception_handlers.o
 .comment       0x0000007e       0x7f ./system/src/cmsis/system_stm32f4xx.o
 .comment       0x0000007e       0x7f ./system/src/cmsis/vectors_stm32f401xc.o
 .comment       0x0000007e       0x7f ./src/HTFT_Program.o
 .comment       0x0000007e       0x7f ./src/MDMA_Program.o
 .comment       0x0000007e       0x7f ./src/MEXTI_prog.o
 .comment       0x0000007e       0x7f ./src/MGPIO_program.o
 .comment       0x0000007e       0x7f ./src/MNVIC_Program.o
 .comment       0x0000007e       0x7f ./src/MRCC_prog.o
 .comment       0x0000007e       0x7f ./src/MSPI_Program.o
 .comment       0x0000007e       0x7f ./src/MSYSTICK_Program.o
 .comment       0x0000007e       0x7f ./src/MUSART_Program.o
 .comment       0x0000007e       0x7f ./src/main.o

.ARM.attributes
                0x00000000       0x31
 .ARM.attributes
                0x00000000       0x33 ./system/src/newlib/_exit.o
 .ARM.attributes
                0x00000033       0x33 ./system/src/newlib/_sbrk.o
 .ARM.attributes
                0x00000066       0x33 ./system/src/newlib/_startup.o
 .ARM.attributes
                0x00000099       0x33 ./system/src/newlib/_syscalls.o
 .ARM.attributes
                0x000000cc       0x33 ./system/src/diag/Trace.o
 .ARM.attributes
                0x000000ff       0x33 ./system/src/diag/trace_impl.o
 .ARM.attributes
                0x00000132       0x33 ./system/src/cortexm/_initialize_hardware.o
 .ARM.attributes
                0x00000165       0x33 ./system/src/cortexm/exception_handlers.o
 .ARM.attributes
                0x00000198       0x33 ./system/src/cmsis/system_stm32f4xx.o
 .ARM.attributes
                0x000001cb       0x33 ./system/src/cmsis/vectors_stm32f401xc.o
 .ARM.attributes
                0x000001fe       0x33 ./src/HTFT_Program.o
 .ARM.attributes
                0x00000231       0x33 ./src/MDMA_Program.o
 .ARM.attributes
                0x00000264       0x33 ./src/MEXTI_prog.o
 .ARM.attributes
                0x00000297       0x33 ./src/MGPIO_program.o
 .ARM.attributes
                0x000002ca       0x33 ./src/MNVIC_Program.o
 .ARM.attributes
                0x000002fd       0x33 ./src/MRCC_prog.o
 .ARM.attributes
                0x00000330       0x33 ./src/MSPI_Program.o
 .ARM.attributes
                0x00000363       0x33 ./src/MSYSTICK_Program.o
 .ARM.attributes
                0x00000396       0x33 ./src/MUSART_Program.o
 .ARM.attributes
                0x000003c9       0x33 ./src/main.o
 .ARM.attributes
                0x000003fc       0x2e c:/users/user/desktop/iti_data/arm/imt_sdk/imt sdk/03- imt sdk/imt_sdk_win_64/imt_sdk_win_64/winarm/armgcc/bin/../lib/gcc/arm-none-eabi/7.2.1/../../../../arm-none-eabi/lib/thumb/v7e-m\libg_nano.a(lib_a-errno.o)
 .ARM.attributes
                0x0000042a       0x2e c:/users/user/desktop/iti_data/arm/imt_sdk/imt sdk/03- imt sdk/imt_sdk_win_64/imt_sdk_win_64/winarm/armgcc/bin/../lib/gcc/arm-none-eabi/7.2.1/../../../../arm-none-eabi/lib/thumb/v7e-m\libg_nano.a(lib_a-impure.o)
 .ARM.attributes
                0x00000458       0x2e c:/users/user/desktop/iti_data/arm/imt_sdk/imt sdk/03- imt sdk/imt_sdk_win_64/imt_sdk_win_64/winarm/armgcc/bin/../lib/gcc/arm-none-eabi/7.2.1/../../../../arm-none-eabi/lib/thumb/v7e-m\libg_nano.a(lib_a-vsnprintf.o)
 .ARM.attributes
                0x00000486       0x2e c:/users/user/desktop/iti_data/arm/imt_sdk/imt sdk/03- imt sdk/imt_sdk_win_64/imt_sdk_win_64/winarm/armgcc/bin/../lib/gcc/arm-none-eabi/7.2.1/../../../../arm-none-eabi/lib/thumb/v7e-m\libg_nano.a(lib_a-nano-svfprintf.o)
 .ARM.attributes
                0x000004b4       0x2e c:/users/user/desktop/iti_data/arm/imt_sdk/imt sdk/03- imt sdk/imt_sdk_win_64/imt_sdk_win_64/winarm/armgcc/bin/../lib/gcc/arm-none-eabi/7.2.1/../../../../arm-none-eabi/lib/thumb/v7e-m\libg_nano.a(lib_a-nano-vfprintf_i.o)
 .ARM.attributes
                0x000004e2       0x1c c:/users/user/desktop/iti_data/arm/imt_sdk/imt sdk/03- imt sdk/imt_sdk_win_64/imt_sdk_win_64/winarm/armgcc/bin/../lib/gcc/arm-none-eabi/7.2.1/../../../../arm-none-eabi/lib/thumb/v7e-m\libg_nano.a(lib_a-memchr.o)
 .ARM.attributes
                0x000004fe       0x2e c:/users/user/desktop/iti_data/arm/imt_sdk/imt sdk/03- imt sdk/imt_sdk_win_64/imt_sdk_win_64/winarm/armgcc/bin/../lib/gcc/arm-none-eabi/7.2.1/../../../../arm-none-eabi/lib/thumb/v7e-m\libg_nano.a(lib_a-memcpy-stub.o)
 .ARM.attributes
                0x0000052c       0x2e c:/users/user/desktop/iti_data/arm/imt_sdk/imt sdk/03- imt sdk/imt_sdk_win_64/imt_sdk_win_64/winarm/armgcc/bin/../lib/gcc/arm-none-eabi/7.2.1/../../../../arm-none-eabi/lib/thumb/v7e-m\libg_nano.a(lib_a-memmove.o)
 .ARM.attributes
                0x0000055a       0x2e c:/users/user/desktop/iti_data/arm/imt_sdk/imt sdk/03- imt sdk/imt_sdk_win_64/imt_sdk_win_64/winarm/armgcc/bin/../lib/gcc/arm-none-eabi/7.2.1/../../../../arm-none-eabi/lib/thumb/v7e-m\libg_nano.a(lib_a-nano-freer.o)
 .ARM.attributes
                0x00000588       0x2e c:/users/user/desktop/iti_data/arm/imt_sdk/imt sdk/03- imt sdk/imt_sdk_win_64/imt_sdk_win_64/winarm/armgcc/bin/../lib/gcc/arm-none-eabi/7.2.1/../../../../arm-none-eabi/lib/thumb/v7e-m\libg_nano.a(lib_a-nano-mallocr.o)
 .ARM.attributes
                0x000005b6       0x2e c:/users/user/desktop/iti_data/arm/imt_sdk/imt sdk/03- imt sdk/imt_sdk_win_64/imt_sdk_win_64/winarm/armgcc/bin/../lib/gcc/arm-none-eabi/7.2.1/../../../../arm-none-eabi/lib/thumb/v7e-m\libg_nano.a(lib_a-nano-reallocr.o)
 .ARM.attributes
                0x000005e4       0x2e c:/users/user/desktop/iti_data/arm/imt_sdk/imt sdk/03- imt sdk/imt_sdk_win_64/imt_sdk_win_64/winarm/armgcc/bin/../lib/gcc/arm-none-eabi/7.2.1/../../../../arm-none-eabi/lib/thumb/v7e-m\libg_nano.a(lib_a-sbrkr.o)
 .ARM.attributes
                0x00000612       0x2e c:/users/user/desktop/iti_data/arm/imt_sdk/imt sdk/03- imt sdk/imt_sdk_win_64/imt_sdk_win_64/winarm/armgcc/bin/../lib/gcc/arm-none-eabi/7.2.1/../../../../arm-none-eabi/lib/thumb/v7e-m\libg_nano.a(lib_a-mlock.o)
 .ARM.attributes
                0x00000640       0x2e c:/users/user/desktop/iti_data/arm/imt_sdk/imt sdk/03- imt sdk/imt_sdk_win_64/imt_sdk_win_64/winarm/armgcc/bin/../lib/gcc/arm-none-eabi/7.2.1/../../../../arm-none-eabi/lib/thumb/v7e-m\libg_nano.a(lib_a-nano-msizer.o)

.debug
 *(.debug)

.line
 *(.line)

.debug_srcinfo
 *(.debug_srcinfo)

.debug_sfnames
 *(.debug_sfnames)

.debug_aranges  0x00000000      0x530
 *(.debug_aranges)
 .debug_aranges
                0x00000000       0x28 ./system/src/newlib/_exit.o
 .debug_aranges
                0x00000028       0x20 ./system/src/newlib/_sbrk.o
 .debug_aranges
                0x00000048       0x40 ./system/src/newlib/_startup.o
 .debug_aranges
                0x00000088       0x30 ./system/src/newlib/_syscalls.o
 .debug_aranges
                0x000000b8       0x38 ./system/src/diag/Trace.o
 .debug_aranges
                0x000000f0       0x30 ./system/src/diag/trace_impl.o
 .debug_aranges
                0x00000120       0x28 ./system/src/cortexm/_initialize_hardware.o
 .debug_aranges
                0x00000148       0x90 ./system/src/cortexm/exception_handlers.o
 .debug_aranges
                0x000001d8       0x28 ./system/src/cmsis/system_stm32f4xx.o
 .debug_aranges
                0x00000200       0x20 ./system/src/cmsis/vectors_stm32f401xc.o
 .debug_aranges
                0x00000220       0x38 ./src/HTFT_Program.o
 .debug_aranges
                0x00000258       0x48 ./src/MDMA_Program.o
 .debug_aranges
                0x000002a0       0x68 ./src/MEXTI_prog.o
 .debug_aranges
                0x00000308       0x60 ./src/MGPIO_program.o
 .debug_aranges
                0x00000368       0x58 ./src/MNVIC_Program.o
 .debug_aranges
                0x000003c0       0x48 ./src/MRCC_prog.o
 .debug_aranges
                0x00000408       0x38 ./src/MSPI_Program.o
 .debug_aranges
                0x00000440       0x60 ./src/MSYSTICK_Program.o
 .debug_aranges
                0x000004a0       0x48 ./src/MUSART_Program.o
 .debug_aranges
                0x000004e8       0x48 ./src/main.o

.debug_pubnames
 *(.debug_pubnames)

.debug_info     0x00000000     0x8469
 *(.debug_info .gnu.linkonce.wi.*)
 .debug_info    0x00000000      0x956 ./system/src/newlib/_exit.o
 .debug_info    0x00000956      0x942 ./system/src/newlib/_sbrk.o
 .debug_info    0x00001298      0x4bf ./system/src/newlib/_startup.o
 .debug_info    0x00001757      0xa19 ./system/src/newlib/_syscalls.o
 .debug_info    0x00002170      0xb2a ./system/src/diag/Trace.o
 .debug_info    0x00002c9a      0xb6b ./system/src/diag/trace_impl.o
 .debug_info    0x00003805      0xade ./system/src/cortexm/_initialize_hardware.o
 .debug_info    0x000042e3     0x115a ./system/src/cortexm/exception_handlers.o
 .debug_info    0x0000543d      0xcfe ./system/src/cmsis/system_stm32f4xx.o
 .debug_info    0x0000613b       0xca ./system/src/cmsis/vectors_stm32f401xc.o
 .debug_info    0x00006205      0x3ee ./src/HTFT_Program.o
 .debug_info    0x000065f3      0x256 ./src/MDMA_Program.o
 .debug_info    0x00006849      0x265 ./src/MEXTI_prog.o
 .debug_info    0x00006aae      0x363 ./src/MGPIO_program.o
 .debug_info    0x00006e11      0x341 ./src/MNVIC_Program.o
 .debug_info    0x00007152      0x3ca ./src/MRCC_prog.o
 .debug_info    0x0000751c      0x1cf ./src/MSPI_Program.o
 .debug_info    0x000076eb      0x25e ./src/MSYSTICK_Program.o
 .debug_info    0x00007949      0x3ac ./src/MUSART_Program.o
 .debug_info    0x00007cf5      0x774 ./src/main.o

.debug_abbrev   0x00000000     0x2181
 *(.debug_abbrev)
 .debug_abbrev  0x00000000      0x1f3 ./system/src/newlib/_exit.o
 .debug_abbrev  0x000001f3      0x1fc ./system/src/newlib/_sbrk.o
 .debug_abbrev  0x000003ef      0x1cb ./system/src/newlib/_startup.o
 .debug_abbrev  0x000005ba      0x234 ./system/src/newlib/_syscalls.o
 .debug_abbrev  0x000007ee      0x276 ./system/src/diag/Trace.o
 .debug_abbrev  0x00000a64      0x2ef ./system/src/diag/trace_impl.o
 .debug_abbrev  0x00000d53      0x1de ./system/src/cortexm/_initialize_hardware.o
 .debug_abbrev  0x00000f31      0x32b ./system/src/cortexm/exception_handlers.o
 .debug_abbrev  0x0000125c      0x216 ./system/src/cmsis/system_stm32f4xx.o
 .debug_abbrev  0x00001472       0x9d ./system/src/cmsis/vectors_stm32f401xc.o
 .debug_abbrev  0x0000150f       0xcf ./src/HTFT_Program.o
 .debug_abbrev  0x000015de      0x13f ./src/MDMA_Program.o
 .debug_abbrev  0x0000171d      0x12d ./src/MEXTI_prog.o
 .debug_abbrev  0x0000184a      0x121 ./src/MGPIO_program.o
 .debug_abbrev  0x0000196b      0x137 ./src/MNVIC_Program.o
 .debug_abbrev  0x00001aa2      0x102 ./src/MRCC_prog.o
 .debug_abbrev  0x00001ba4      0x13b ./src/MSPI_Program.o
 .debug_abbrev  0x00001cdf      0x17c ./src/MSYSTICK_Program.o
 .debug_abbrev  0x00001e5b      0x17e ./src/MUSART_Program.o
 .debug_abbrev  0x00001fd9      0x1a8 ./src/main.o

.debug_line     0x00000000     0x549e
 *(.debug_line)
 .debug_line    0x00000000      0x423 ./system/src/newlib/_exit.o
 .debug_line    0x00000423      0x3d7 ./system/src/newlib/_sbrk.o
 .debug_line    0x000007fa      0x49f ./system/src/newlib/_startup.o
 .debug_line    0x00000c99      0x522 ./system/src/newlib/_syscalls.o
 .debug_line    0x000011bb      0x49f ./system/src/diag/Trace.o
 .debug_line    0x0000165a      0xb93 ./system/src/diag/trace_impl.o
 .debug_line    0x000021ed      0xafc ./system/src/cortexm/_initialize_hardware.o
 .debug_line    0x00002ce9      0xc4a ./system/src/cortexm/exception_handlers.o
 .debug_line    0x00003933      0xb02 ./system/src/cmsis/system_stm32f4xx.o
 .debug_line    0x00004435      0x137 ./system/src/cmsis/vectors_stm32f401xc.o
 .debug_line    0x0000456c      0x190 ./src/HTFT_Program.o
 .debug_line    0x000046fc      0x122 ./src/MDMA_Program.o
 .debug_line    0x0000481e      0x17a ./src/MEXTI_prog.o
 .debug_line    0x00004998      0x1dc ./src/MGPIO_program.o
 .debug_line    0x00004b74      0x148 ./src/MNVIC_Program.o
 .debug_line    0x00004cbc      0x13e ./src/MRCC_prog.o
 .debug_line    0x00004dfa      0x138 ./src/MSPI_Program.o
 .debug_line    0x00004f32      0x16c ./src/MSYSTICK_Program.o
 .debug_line    0x0000509e      0x149 ./src/MUSART_Program.o
 .debug_line    0x000051e7      0x2b7 ./src/main.o

.debug_frame    0x00000000      0xc88
 *(.debug_frame)
 .debug_frame   0x00000000       0x38 ./system/src/newlib/_exit.o
 .debug_frame   0x00000038       0x28 ./system/src/newlib/_sbrk.o
 .debug_frame   0x00000060       0x7c ./system/src/newlib/_startup.o
 .debug_frame   0x000000dc       0x50 ./system/src/newlib/_syscalls.o
 .debug_frame   0x0000012c       0x94 ./system/src/diag/Trace.o
 .debug_frame   0x000001c0       0x64 ./system/src/diag/trace_impl.o
 .debug_frame   0x00000224       0x40 ./system/src/cortexm/_initialize_hardware.o
 .debug_frame   0x00000264      0x158 ./system/src/cortexm/exception_handlers.o
 .debug_frame   0x000003bc       0x30 ./system/src/cmsis/system_stm32f4xx.o
 .debug_frame   0x000003ec       0x20 ./system/src/cmsis/vectors_stm32f401xc.o
 .debug_frame   0x0000040c       0x74 ./src/HTFT_Program.o
 .debug_frame   0x00000480       0xa8 ./src/MDMA_Program.o
 .debug_frame   0x00000528       0xc0 ./src/MEXTI_prog.o
 .debug_frame   0x000005e8       0xac ./src/MGPIO_program.o
 .debug_frame   0x00000694       0x90 ./src/MNVIC_Program.o
 .debug_frame   0x00000724       0x70 ./src/MRCC_prog.o
 .debug_frame   0x00000794       0x60 ./src/MSPI_Program.o
 .debug_frame   0x000007f4       0xb0 ./src/MSYSTICK_Program.o
 .debug_frame   0x000008a4       0x84 ./src/MUSART_Program.o
 .debug_frame   0x00000928       0x98 ./src/main.o
 .debug_frame   0x000009c0       0x20 c:/users/user/desktop/iti_data/arm/imt_sdk/imt sdk/03- imt sdk/imt_sdk_win_64/imt_sdk_win_64/winarm/armgcc/bin/../lib/gcc/arm-none-eabi/7.2.1/../../../../arm-none-eabi/lib/thumb/v7e-m\libg_nano.a(lib_a-errno.o)
 .debug_frame   0x000009e0       0x4c c:/users/user/desktop/iti_data/arm/imt_sdk/imt sdk/03- imt sdk/imt_sdk_win_64/imt_sdk_win_64/winarm/armgcc/bin/../lib/gcc/arm-none-eabi/7.2.1/../../../../arm-none-eabi/lib/thumb/v7e-m\libg_nano.a(lib_a-vsnprintf.o)
 .debug_frame   0x00000a2c       0x90 c:/users/user/desktop/iti_data/arm/imt_sdk/imt sdk/03- imt sdk/imt_sdk_win_64/imt_sdk_win_64/winarm/armgcc/bin/../lib/gcc/arm-none-eabi/7.2.1/../../../../arm-none-eabi/lib/thumb/v7e-m\libg_nano.a(lib_a-nano-svfprintf.o)
 .debug_frame   0x00000abc       0x60 c:/users/user/desktop/iti_data/arm/imt_sdk/imt sdk/03- imt sdk/imt_sdk_win_64/imt_sdk_win_64/winarm/armgcc/bin/../lib/gcc/arm-none-eabi/7.2.1/../../../../arm-none-eabi/lib/thumb/v7e-m\libg_nano.a(lib_a-nano-vfprintf_i.o)
 .debug_frame   0x00000b1c       0x28 c:/users/user/desktop/iti_data/arm/imt_sdk/imt sdk/03- imt sdk/imt_sdk_win_64/imt_sdk_win_64/winarm/armgcc/bin/../lib/gcc/arm-none-eabi/7.2.1/../../../../arm-none-eabi/lib/thumb/v7e-m\libg_nano.a(lib_a-memcpy-stub.o)
 .debug_frame   0x00000b44       0x28 c:/users/user/desktop/iti_data/arm/imt_sdk/imt sdk/03- imt sdk/imt_sdk_win_64/imt_sdk_win_64/winarm/armgcc/bin/../lib/gcc/arm-none-eabi/7.2.1/../../../../arm-none-eabi/lib/thumb/v7e-m\libg_nano.a(lib_a-memmove.o)
 .debug_frame   0x00000b6c       0x38 c:/users/user/desktop/iti_data/arm/imt_sdk/imt sdk/03- imt sdk/imt_sdk_win_64/imt_sdk_win_64/winarm/armgcc/bin/../lib/gcc/arm-none-eabi/7.2.1/../../../../arm-none-eabi/lib/thumb/v7e-m\libg_nano.a(lib_a-nano-freer.o)
 .debug_frame   0x00000ba4       0x2c c:/users/user/desktop/iti_data/arm/imt_sdk/imt sdk/03- imt sdk/imt_sdk_win_64/imt_sdk_win_64/winarm/armgcc/bin/../lib/gcc/arm-none-eabi/7.2.1/../../../../arm-none-eabi/lib/thumb/v7e-m\libg_nano.a(lib_a-nano-mallocr.o)
 .debug_frame   0x00000bd0       0x3c c:/users/user/desktop/iti_data/arm/imt_sdk/imt sdk/03- imt sdk/imt_sdk_win_64/imt_sdk_win_64/winarm/armgcc/bin/../lib/gcc/arm-none-eabi/7.2.1/../../../../arm-none-eabi/lib/thumb/v7e-m\libg_nano.a(lib_a-nano-reallocr.o)
 .debug_frame   0x00000c0c       0x2c c:/users/user/desktop/iti_data/arm/imt_sdk/imt sdk/03- imt sdk/imt_sdk_win_64/imt_sdk_win_64/winarm/armgcc/bin/../lib/gcc/arm-none-eabi/7.2.1/../../../../arm-none-eabi/lib/thumb/v7e-m\libg_nano.a(lib_a-sbrkr.o)
 .debug_frame   0x00000c38       0x30 c:/users/user/desktop/iti_data/arm/imt_sdk/imt sdk/03- imt sdk/imt_sdk_win_64/imt_sdk_win_64/winarm/armgcc/bin/../lib/gcc/arm-none-eabi/7.2.1/../../../../arm-none-eabi/lib/thumb/v7e-m\libg_nano.a(lib_a-mlock.o)
 .debug_frame   0x00000c68       0x20 c:/users/user/desktop/iti_data/arm/imt_sdk/imt sdk/03- imt sdk/imt_sdk_win_64/imt_sdk_win_64/winarm/armgcc/bin/../lib/gcc/arm-none-eabi/7.2.1/../../../../arm-none-eabi/lib/thumb/v7e-m\libg_nano.a(lib_a-nano-msizer.o)

.debug_str      0x00000000    0x75c51
 *(.debug_str)
 .debug_str     0x00000000     0x7d25 ./system/src/newlib/_exit.o
                               0x7ef8 (size before relaxing)
 .debug_str     0x00007d25      0x4f5 ./system/src/newlib/_sbrk.o
                               0x72aa (size before relaxing)
 .debug_str     0x0000821a      0xc23 ./system/src/newlib/_startup.o
                               0x6a4b (size before relaxing)
 .debug_str     0x00008e3d      0xe8b ./system/src/newlib/_syscalls.o
                               0x8185 (size before relaxing)
 .debug_str     0x00009cc8      0x826 ./system/src/diag/Trace.o
                               0x8670 (size before relaxing)
 .debug_str     0x0000a4ee    0x67a2e ./system/src/diag/trace_impl.o
                              0x70996 (size before relaxing)
 .debug_str     0x00071f1c       0xc4 ./system/src/cortexm/_initialize_hardware.o
                              0x6f728 (size before relaxing)
 .debug_str     0x00071fe0      0x1a6 ./system/src/cortexm/exception_handlers.o
                              0x70b20 (size before relaxing)
 .debug_str     0x00072186      0x164 ./system/src/cmsis/system_stm32f4xx.o
                              0x6f809 (size before relaxing)
 .debug_str     0x000722ea       0x59 ./system/src/cmsis/vectors_stm32f401xc.o
                               0x3888 (size before relaxing)
 .debug_str     0x00072343     0x1844 ./src/HTFT_Program.o
                               0x461e (size before relaxing)
 .debug_str     0x00073b87      0x1bb ./src/MDMA_Program.o
                               0x3169 (size before relaxing)
 .debug_str     0x00073d42      0x3b9 ./src/MEXTI_prog.o
                               0x3352 (size before relaxing)
 .debug_str     0x000740fb      0x19f ./src/MGPIO_program.o
                               0x443f (size before relaxing)
 .debug_str     0x0007429a      0x2c7 ./src/MNVIC_Program.o
                               0x329f (size before relaxing)
 .debug_str     0x00074561      0xbcd ./src/MRCC_prog.o
                               0x3c6e (size before relaxing)
 .debug_str     0x0007512e      0x1b6 ./src/MSPI_Program.o
                               0x46a5 (size before relaxing)
 .debug_str     0x000752e4      0x1c0 ./src/MSYSTICK_Program.o
                               0x31b2 (size before relaxing)
 .debug_str     0x000754a4      0x6aa ./src/MUSART_Program.o
                               0x3678 (size before relaxing)
 .debug_str     0x00075b4e      0x103 ./src/main.o
                               0x52f3 (size before relaxing)

.debug_loc      0x00000000     0x2367
 *(.debug_loc)
 .debug_loc     0x00000000       0x85 ./system/src/newlib/_sbrk.o
 .debug_loc     0x00000085      0x2cb ./system/src/newlib/_startup.o
 .debug_loc     0x00000350       0x63 ./system/src/newlib/_syscalls.o
 .debug_loc     0x000003b3       0xf6 ./system/src/diag/Trace.o
 .debug_loc     0x000004a9      0x121 ./system/src/diag/trace_impl.o
 .debug_loc     0x000005ca      0x291 ./system/src/cortexm/exception_handlers.o
 .debug_loc     0x0000085b      0x13e ./system/src/cmsis/system_stm32f4xx.o
 .debug_loc     0x00000999       0xd7 ./src/HTFT_Program.o
 .debug_loc     0x00000a70       0x7a ./src/MDMA_Program.o
 .debug_loc     0x00000aea      0x127 ./src/MEXTI_prog.o
 .debug_loc     0x00000c11     0x1079 ./src/MGPIO_program.o
 .debug_loc     0x00001c8a      0x228 ./src/MNVIC_Program.o
 .debug_loc     0x00001eb2      0x235 ./src/MRCC_prog.o
 .debug_loc     0x000020e7       0x21 ./src/MSPI_Program.o
 .debug_loc     0x00002108       0x93 ./src/MSYSTICK_Program.o
 .debug_loc     0x0000219b      0x159 ./src/MUSART_Program.o
 .debug_loc     0x000022f4       0x73 ./src/main.o

.debug_macinfo
 *(.debug_macinfo)

.debug_weaknames
 *(.debug_weaknames)

.debug_funcnames
 *(.debug_funcnames)

.debug_typenames
 *(.debug_typenames)

.debug_varnames
 *(.debug_varnames)
OUTPUT(IMT_TFT_voisV.elf elf32-littlearm)

.debug_ranges   0x00000000      0x480
 .debug_ranges  0x00000000       0x18 ./system/src/newlib/_exit.o
 .debug_ranges  0x00000018       0x10 ./system/src/newlib/_sbrk.o
 .debug_ranges  0x00000028       0x90 ./system/src/newlib/_startup.o
 .debug_ranges  0x000000b8       0x20 ./system/src/newlib/_syscalls.o
 .debug_ranges  0x000000d8       0x28 ./system/src/diag/Trace.o
 .debug_ranges  0x00000100       0x50 ./system/src/diag/trace_impl.o
 .debug_ranges  0x00000150       0x18 ./system/src/cortexm/_initialize_hardware.o
 .debug_ranges  0x00000168       0x80 ./system/src/cortexm/exception_handlers.o
 .debug_ranges  0x000001e8       0x18 ./system/src/cmsis/system_stm32f4xx.o
 .debug_ranges  0x00000200       0x10 ./system/src/cmsis/vectors_stm32f401xc.o
 .debug_ranges  0x00000210       0x28 ./src/HTFT_Program.o
 .debug_ranges  0x00000238       0x38 ./src/MDMA_Program.o
 .debug_ranges  0x00000270       0x58 ./src/MEXTI_prog.o
 .debug_ranges  0x000002c8       0x50 ./src/MGPIO_program.o
 .debug_ranges  0x00000318       0x48 ./src/MNVIC_Program.o
 .debug_ranges  0x00000360       0x38 ./src/MRCC_prog.o
 .debug_ranges  0x00000398       0x28 ./src/MSPI_Program.o
 .debug_ranges  0x000003c0       0x50 ./src/MSYSTICK_Program.o
 .debug_ranges  0x00000410       0x38 ./src/MUSART_Program.o
 .debug_ranges  0x00000448       0x38 ./src/main.o

.debug_macro    0x00000000     0x3da2
 .debug_macro   0x00000000      0x1b4 ./system/src/newlib/_exit.o
 .debug_macro   0x000001b4      0x10e ./system/src/newlib/_exit.o
 .debug_macro   0x000002c2       0x8d ./system/src/newlib/_exit.o
 .debug_macro   0x0000034f       0x35 ./system/src/newlib/_exit.o
 .debug_macro   0x00000384      0x169 ./system/src/newlib/_sbrk.o
 .debug_macro   0x000004ed      0x174 ./system/src/newlib/_sbrk.o
 .debug_macro   0x00000661       0x10 ./system/src/newlib/_sbrk.o
 .debug_macro   0x00000671      0x23b ./system/src/newlib/_sbrk.o
 .debug_macro   0x000008ac      0x173 ./system/src/newlib/_startup.o
 .debug_macro   0x00000a1f      0xa72 ./system/src/newlib/_startup.o
 .debug_macro   0x00001491      0x217 ./system/src/newlib/_syscalls.o
 .debug_macro   0x000016a8       0x1c ./system/src/newlib/_syscalls.o
 .debug_macro   0x000016c4       0x10 ./system/src/newlib/_syscalls.o
 .debug_macro   0x000016d4       0x10 ./system/src/newlib/_syscalls.o
 .debug_macro   0x000016e4       0x10 ./system/src/newlib/_syscalls.o
 .debug_macro   0x000016f4       0x35 ./system/src/newlib/_syscalls.o
 .debug_macro   0x00001729      0x122 ./system/src/newlib/_syscalls.o
 .debug_macro   0x0000184b       0x88 ./system/src/newlib/_syscalls.o
 .debug_macro   0x000018d3       0x2b ./system/src/newlib/_syscalls.o
 .debug_macro   0x000018fe      0x118 ./system/src/newlib/_syscalls.o
 .debug_macro   0x00001a16      0x189 ./system/src/newlib/_syscalls.o
 .debug_macro   0x00001b9f       0x16 ./system/src/newlib/_syscalls.o
 .debug_macro   0x00001bb5      0x1fb ./system/src/diag/Trace.o
 .debug_macro   0x00001db0       0x4c ./system/src/diag/Trace.o
 .debug_macro   0x00001dfc       0x16 ./system/src/diag/Trace.o
 .debug_macro   0x00001e12      0x52a ./system/src/diag/trace_impl.o
 .debug_macro   0x0000233c       0x22 ./system/src/diag/trace_impl.o
 .debug_macro   0x0000235e      0x4ee ./system/src/cortexm/_initialize_hardware.o
 .debug_macro   0x0000284c      0x557 ./system/src/cortexm/exception_handlers.o
 .debug_macro   0x00002da3       0x3b ./system/src/cortexm/exception_handlers.o
 .debug_macro   0x00002dde      0x4ea ./system/src/cmsis/system_stm32f4xx.o
 .debug_macro   0x000032c8       0x34 ./system/src/cmsis/vectors_stm32f401xc.o
 .debug_macro   0x000032fc       0x86 ./src/HTFT_Program.o
 .debug_macro   0x00003382       0xa0 ./src/HTFT_Program.o
 .debug_macro   0x00003422       0x16 ./src/HTFT_Program.o
 .debug_macro   0x00003438       0x16 ./src/HTFT_Program.o
 .debug_macro   0x0000344e       0x40 ./src/MDMA_Program.o
 .debug_macro   0x0000348e       0x22 ./src/MDMA_Program.o
 .debug_macro   0x000034b0       0x48 ./src/MEXTI_prog.o
 .debug_macro   0x000034f8       0xa6 ./src/MEXTI_prog.o
 .debug_macro   0x0000359e       0x28 ./src/MEXTI_prog.o
 .debug_macro   0x000035c6       0x16 ./src/MEXTI_prog.o
 .debug_macro   0x000035dc       0x63 ./src/MGPIO_program.o
 .debug_macro   0x0000363f       0x4a ./src/MNVIC_Program.o
 .debug_macro   0x00003689       0x22 ./src/MNVIC_Program.o
 .debug_macro   0x000036ab       0x62 ./src/MRCC_prog.o
 .debug_macro   0x0000370d       0x9a ./src/MRCC_prog.o
 .debug_macro   0x000037a7       0x1c ./src/MRCC_prog.o
 .debug_macro   0x000037c3      0x18c ./src/MRCC_prog.o
 .debug_macro   0x0000394f       0x7c ./src/MSPI_Program.o
 .debug_macro   0x000039cb       0x9a ./src/MSPI_Program.o
 .debug_macro   0x00003a65       0x3a ./src/MSPI_Program.o
 .debug_macro   0x00003a9f       0x10 ./src/MSPI_Program.o
 .debug_macro   0x00003aaf       0x4f ./src/MSYSTICK_Program.o
 .debug_macro   0x00003afe       0x16 ./src/MSYSTICK_Program.o
 .debug_macro   0x00003b14       0x16 ./src/MSYSTICK_Program.o
 .debug_macro   0x00003b2a       0x49 ./src/MUSART_Program.o
 .debug_macro   0x00003b73       0x2e ./src/MUSART_Program.o
 .debug_macro   0x00003ba1      0x124 ./src/MUSART_Program.o
 .debug_macro   0x00003cc5       0xdd ./src/main.o
