Archive member included to satisfy reference by file (symbol)

c:/users/user/desktop/iti_data/arm/imt_sdk/imt sdk/03- imt sdk/imt_sdk_win_64/imt_sdk_win_64/winarm/armgcc/bin/../lib/gcc/arm-none-eabi/7.2.1/../../../../arm-none-eabi/lib/thumb/v7e-m\libg_nano.a(lib_a-errno.o)
                              ./system/src/newlib/_sbrk.o (__errno)
c:/users/user/desktop/iti_data/arm/imt_sdk/imt sdk/03- imt sdk/imt_sdk_win_64/imt_sdk_win_64/winarm/armgcc/bin/../lib/gcc/arm-none-eabi/7.2.1/../../../../arm-none-eabi/lib/thumb/v7e-m\libg_nano.a(lib_a-impure.o)
                              c:/users/user/desktop/iti_data/arm/imt_sdk/imt sdk/03- imt sdk/imt_sdk_win_64/imt_sdk_win_64/winarm/armgcc/bin/../lib/gcc/arm-none-eabi/7.2.1/../../../../arm-none-eabi/lib/thumb/v7e-m\libg_nano.a(lib_a-errno.o) (_impure_ptr)
c:/users/user/desktop/iti_data/arm/imt_sdk/imt sdk/03- imt sdk/imt_sdk_win_64/imt_sdk_win_64/winarm/armgcc/bin/../lib/gcc/arm-none-eabi/7.2.1/../../../../arm-none-eabi/lib/thumb/v7e-m\libg_nano.a(lib_a-memset.o)
                              ./src/main.o (memset)
c:/users/user/desktop/iti_data/arm/imt_sdk/imt sdk/03- imt sdk/imt_sdk_win_64/imt_sdk_win_64/winarm/armgcc/bin/../lib/gcc/arm-none-eabi/7.2.1/../../../../arm-none-eabi/lib/thumb/v7e-m\libg_nano.a(lib_a-sprintf.o)
                              ./src/main.o (sprintf)
c:/users/user/desktop/iti_data/arm/imt_sdk/imt sdk/03- imt sdk/imt_sdk_win_64/imt_sdk_win_64/winarm/armgcc/bin/../lib/gcc/arm-none-eabi/7.2.1/../../../../arm-none-eabi/lib/thumb/v7e-m\libg_nano.a(lib_a-strlen.o)
                              ./system/src/diag/Trace.o (strlen)
c:/users/user/desktop/iti_data/arm/imt_sdk/imt sdk/03- imt sdk/imt_sdk_win_64/imt_sdk_win_64/winarm/armgcc/bin/../lib/gcc/arm-none-eabi/7.2.1/../../../../arm-none-eabi/lib/thumb/v7e-m\libg_nano.a(lib_a-strstr.o)
                              ./src/main.o (strstr)
c:/users/user/desktop/iti_data/arm/imt_sdk/imt sdk/03- imt sdk/imt_sdk_win_64/imt_sdk_win_64/winarm/armgcc/bin/../lib/gcc/arm-none-eabi/7.2.1/../../../../arm-none-eabi/lib/thumb/v7e-m\libg_nano.a(lib_a-vsnprintf.o)
                              ./system/src/diag/Trace.o (vsnprintf)
c:/users/user/desktop/iti_data/arm/imt_sdk/imt sdk/03- imt sdk/imt_sdk_win_64/imt_sdk_win_64/winarm/armgcc/bin/../lib/gcc/arm-none-eabi/7.2.1/../../../../arm-none-eabi/lib/thumb/v7e-m\libg_nano.a(lib_a-nano-svfprintf.o)
                              c:/users/user/desktop/iti_data/arm/imt_sdk/imt sdk/03- imt sdk/imt_sdk_win_64/imt_sdk_win_64/winarm/armgcc/bin/../lib/gcc/arm-none-eabi/7.2.1/../../../../arm-none-eabi/lib/thumb/v7e-m\libg_nano.a(lib_a-sprintf.o) (_svfprintf_r)
c:/users/user/desktop/iti_data/arm/imt_sdk/imt sdk/03- imt sdk/imt_sdk_win_64/imt_sdk_win_64/winarm/armgcc/bin/../lib/gcc/arm-none-eabi/7.2.1/../../../../arm-none-eabi/lib/thumb/v7e-m\libg_nano.a(lib_a-nano-vfprintf_i.o)
                              c:/users/user/desktop/iti_data/arm/imt_sdk/imt sdk/03- imt sdk/imt_sdk_win_64/imt_sdk_win_64/winarm/armgcc/bin/../lib/gcc/arm-none-eabi/7.2.1/../../../../arm-none-eabi/lib/thumb/v7e-m\libg_nano.a(lib_a-nano-svfprintf.o) (_printf_i)
c:/users/user/desktop/iti_data/arm/imt_sdk/imt sdk/03- imt sdk/imt_sdk_win_64/imt_sdk_win_64/winarm/armgcc/bin/../lib/gcc/arm-none-eabi/7.2.1/../../../../arm-none-eabi/lib/thumb/v7e-m\libg_nano.a(lib_a-memchr.o)
                              c:/users/user/desktop/iti_data/arm/imt_sdk/imt sdk/03- imt sdk/imt_sdk_win_64/imt_sdk_win_64/winarm/armgcc/bin/../lib/gcc/arm-none-eabi/7.2.1/../../../../arm-none-eabi/lib/thumb/v7e-m\libg_nano.a(lib_a-nano-svfprintf.o) (memchr)
c:/users/user/desktop/iti_data/arm/imt_sdk/imt sdk/03- imt sdk/imt_sdk_win_64/imt_sdk_win_64/winarm/armgcc/bin/../lib/gcc/arm-none-eabi/7.2.1/../../../../arm-none-eabi/lib/thumb/v7e-m\libg_nano.a(lib_a-memcpy-stub.o)
                              c:/users/user/desktop/iti_data/arm/imt_sdk/imt sdk/03- imt sdk/imt_sdk_win_64/imt_sdk_win_64/winarm/armgcc/bin/../lib/gcc/arm-none-eabi/7.2.1/../../../../arm-none-eabi/lib/thumb/v7e-m\libg_nano.a(lib_a-nano-svfprintf.o) (memcpy)
c:/users/user/desktop/iti_data/arm/imt_sdk/imt sdk/03- imt sdk/imt_sdk_win_64/imt_sdk_win_64/winarm/armgcc/bin/../lib/gcc/arm-none-eabi/7.2.1/../../../../arm-none-eabi/lib/thumb/v7e-m\libg_nano.a(lib_a-memmove.o)
                              c:/users/user/desktop/iti_data/arm/imt_sdk/imt sdk/03- imt sdk/imt_sdk_win_64/imt_sdk_win_64/winarm/armgcc/bin/../lib/gcc/arm-none-eabi/7.2.1/../../../../arm-none-eabi/lib/thumb/v7e-m\libg_nano.a(lib_a-nano-svfprintf.o) (memmove)
c:/users/user/desktop/iti_data/arm/imt_sdk/imt sdk/03- imt sdk/imt_sdk_win_64/imt_sdk_win_64/winarm/armgcc/bin/../lib/gcc/arm-none-eabi/7.2.1/../../../../arm-none-eabi/lib/thumb/v7e-m\libg_nano.a(lib_a-nano-freer.o)
[...]
Memory Configuration

Name             Origin             Length             Attributes
RAM              0x20000000         0x00010000         xrw
CCMRAM           0x10000000         0x00000000         xrw
FLASH            0x08000000         0x00040000         xr
FLASHB1          0x00000000         0x00000000         xr
EXTMEMB0         0x00000000         0x00000000         xr
EXTMEMB1         0x00000000         0x00000000         xr
EXTMEMB2         0x00000000         0x00000000         xr
EXTMEMB3         0x00000000         0x00000000         xr
*default*        0x00000000         0xffffffff

Linker script and memory map

LOAD ./system/src/stm32f4-hal/stm32f4xx_hal.o
LOAD ./system/src/stm32f4-hal/stm32f4xx_hal_cortex.o
LOAD ./system/src/stm32f4-hal/stm32f4xx_hal_dfsdm.o
LOAD ./system/src/stm32f4-hal/stm32f4xx_hal_flash.o
LOAD ./system/src/stm32f4-hal/stm32f4xx_hal_gpio.o
LOAD ./system/src/stm32f4-hal/stm32f4xx_hal_iwdg.o
LOAD ./system/src/stm32f4-hal/stm32f4xx_hal_pwr.o
LOAD ./system/src/stm32f4-hal/stm32f4xx_hal_rcc.o
LOAD ./system/src/newlib/_cxx.o
LOAD ./system/src/newlib/_exit.o
LOAD ./system/src/newlib/_sbrk.o
LOAD ./system/src/newlib/_startup.o
LOAD ./system/src/newlib/_syscalls.o
LOAD ./system/src/newlib/assert.o
LOAD ./system/src/diag/Trace.o
LOAD ./system/src/diag/trace_impl.o
LOAD ./system/src/cortexm/_initialize_hardware.o
LOAD ./system/src/cortexm/_reset_hardware.o
LOAD ./system/src/cortexm/exception_handlers.o
LOAD ./system/src/cmsis/system_stm32f4xx.o
LOAD ./system/src/cmsis/vectors_stm32f401xc.o
LOAD ./src/DCMotor_prog.o
LOAD ./src/Delay_Program.o
LOAD ./src/MEXTI_prog.o
LOAD ./src/MGPIO_program.o
LOAD ./src/MNVIC_Program.o
LOAD ./src/MRCC_prog.o
LOAD ./src/MSYSTICK_Program.o
LOAD ./src/MTIMER4_prog.o
LOAD ./src/MUSART_Program.o
LOAD ./src/main.o
LOAD c:/users/user/desktop/iti_data/arm/imt_sdk/imt sdk/03- imt sdk/imt_sdk_win_64/imt_sdk_win_64/winarm/armgcc/bin/../lib/gcc/arm-none-eabi/7.2.1/../../../../arm-none-eabi/lib/thumb/v7e-m\libstdc++_nano.a
LOAD c:/users/user/desktop/iti_data/arm/imt_sdk/imt sdk/03- imt sdk/imt_sdk_win_64/imt_sdk_win_64/winarm/armgcc/bin/../lib/gcc/arm-none-eabi/7.2.1/../../../../arm-none-eabi/lib/thumb/v7e-m\libm.a
START GROUP
LOAD c:/users/user/desktop/iti_data/arm/imt_sdk/imt sdk/03- imt sdk/imt_sdk_win_64/imt_sdk_win_64/winarm/armgcc/bin/../lib/gcc/arm-none-eabi/7.2.1/thumb/v7e-m\libgcc.a
LOAD c:/users/user/desktop/iti_data/arm/imt_sdk/imt sdk/03- imt sdk/imt_sdk_win_64/imt_sdk_win_64/winarm/armgcc/bin/../lib/gcc/arm-none-eabi/7.2.1/../../../../arm-none-eabi/lib/thumb/v7e-m\libg_nano.a
LOAD c:/users/user/desktop/iti_data/arm/imt_sdk/imt sdk/03- imt sdk/imt_sdk_win_64/imt_sdk_win_64/winarm/armgcc/bin/../lib/gcc/arm-none-eabi/7.2.1/../../../../arm-none-eabi/lib/thumb/v7e-m\libc_nano.a
END GROUP
START GROUP
LOAD c:/users/user/desktop/iti_data/arm/imt_sdk/imt sdk/03- imt sdk/imt_sdk_win_64/imt_sdk_win_64/winarm/armgcc/bin/../lib/gcc/arm-none-eabi/7.2.1/thumb/v7e-m\libgcc.a
LOAD c:/users/user/desktop/iti_data/arm/imt_sdk/imt sdk/03- imt sdk/imt_sdk_win_64/imt_sdk_win_64/winarm/armgcc/bin/../lib/gcc/arm-none-eabi/7.2.1/../../../../arm-none-eabi/lib/thumb/v7e-m\libc_nano.a
END GROUP
                0x20010000                __stack = (ORIGIN (RAM) + LENGTH (RAM))
                0x20010000                _estack = __stack
                0x00000400                __Main_Stack_Size = 0x400
                [!provide]                PROVIDE (_Main_Stack_Size, __Main_Stack_Size)
                0x2000fc00                __Main_Stack_Limit = (__stack - __Main_Stack_Size)
                [!provide]                PROVIDE (_Main_Stack_Limit, __Main_Stack_Limit)
                0x00000100                _Minimum_Stack_Size = 0x100
                0x200001d8                PROVIDE (_Heap_Begin, _end_noinit)
                0x2000fc00                PROVIDE (_Heap_Limit, (__stack - __Main_Stack_Size))

.isr_vector     0x08000000      0x3f4
 FILL mask 0xff
                0x08000000                __vectors_start = ABSOLUTE (.)
                0x08000000                __vectors_start__ = ABSOLUTE (.)
 *(.isr_vector)
 .isr_vector    0x08000000      0x194 ./system/src/cmsis/vectors_stm32f401xc.o
                0x08000000                __isr_vectors
 *(.cfmconfig)
 *(.after_vectors .after_vectors.*)
 .after_vectors
                0x08000194      0x130 ./system/src/newlib/_startup.o
                0x08000194                _start
 .after_vectors
                0x080002c4      0x12c ./system/src/cortexm/exception_handlers.o
                0x080002c4                Reset_Handler
                0x080002ca                NMI_Handler
                0x080002ce                HardFault_Handler
                0x080002e2                HardFault_Handler_C
                0x08000340                MemManage_Handler
                0x08000344                BusFault_Handler
                0x08000358                BusFault_Handler_C
                0x0800038c                UsageFault_Handler
                0x080003a0                UsageFault_Handler_C
                0x080003d4                SVC_Handler
                0x080003d8                DebugMon_Handler
                0x080003dc                PendSV_Handler
 .after_vectors
                0x080003f0        0x4 ./system/src/cmsis/vectors_stm32f401xc.o
                0x080003f0                RTC_Alarm_IRQHandler
                0x080003f0                EXTI2_IRQHandler
                0x080003f0                SPI4_IRQHandler
                0x080003f0                TIM1_CC_IRQHandler
                0x080003f0                DMA2_Stream5_IRQHandler
                0x080003f0                DMA1_Stream5_IRQHandler
                0x080003f0                PVD_IRQHandler
                0x080003f0                SDIO_IRQHandler
                0x080003f0                TAMP_STAMP_IRQHandler
                0x080003f0                EXTI3_IRQHandler
                0x080003f0                TIM1_UP_TIM10_IRQHandler
                0x080003f0                I2C3_ER_IRQHandler
                0x080003f0                I2C2_EV_IRQHandler
                0x080003f0                DMA1_Stream2_IRQHandler
                0x080003f0                FPU_IRQHandler
                0x080003f0                DMA2_Stream2_IRQHandler
                0x080003f0                SPI1_IRQHandler
                0x080003f0                TIM1_BRK_TIM9_IRQHandler
                0x080003f0                DMA2_Stream3_IRQHandler
                0x080003f0                DMA2_Stream0_IRQHandler
                0x080003f0                TIM4_IRQHandler
                0x080003f0                I2C1_EV_IRQHandler
                0x080003f0                DMA1_Stream6_IRQHandler
                0x080003f0                DMA1_Stream1_IRQHandler
                0x080003f0                TIM3_IRQHandler
                0x080003f0                RCC_IRQHandler
                0x080003f0                Default_Handler
                0x080003f0                EXTI15_10_IRQHandler
                0x080003f0                ADC_IRQHandler
                0x080003f0                DMA1_Stream7_IRQHandler
                0x080003f0                TIM5_IRQHandler
                0x080003f0                DMA2_Stream7_IRQHandler
                0x080003f0                I2C3_EV_IRQHandler
                0x080003f0                EXTI9_5_IRQHandler
                0x080003f0                RTC_WKUP_IRQHandler
                0x080003f0                SPI2_IRQHandler
                0x080003f0                DMA1_Stream0_IRQHandler
                0x080003f0                EXTI4_IRQHandler
                0x080003f0                WWDG_IRQHandler
                0x080003f0                TIM2_IRQHandler
                0x080003f0                OTG_FS_WKUP_IRQHandler
                0x080003f0                TIM1_TRG_COM_TIM11_IRQHandler
                0x080003f0                USART2_IRQHandler
                0x080003f0                I2C2_ER_IRQHandler
                0x080003f0                DMA2_Stream1_IRQHandler
                0x080003f0                FLASH_IRQHandler
                0x080003f0                DMA2_Stream4_IRQHandler
                0x080003f0                OTG_FS_IRQHandler
                0x080003f0                SPI3_IRQHandler
                0x080003f0                DMA1_Stream4_IRQHandler
                0x080003f0                I2C1_ER_IRQHandler
                0x080003f0                DMA2_Stream6_IRQHandler
                0x080003f0                DMA1_Stream3_IRQHandler

.inits          0x080003f4       0x28
                0x080003f4                __data_regions_array_start = .
                0x080003f4        0x4 LONG 0x8001a7c LOADADDR (.data)
                0x080003f8        0x4 LONG 0x20000000 ADDR (.data)
                0x080003fc        0x4 LONG 0x20000078 (ADDR (.data) + SIZEOF (.data))
                0x08000400        0x4 LONG 0x8001a7c LOADADDR (.data_CCMRAM)
                0x08000404        0x4 LONG 0x10000000 ADDR (.data_CCMRAM)
                0x08000408        0x4 LONG 0x10000000 (ADDR (.data_CCMRAM) + SIZEOF (.data_CCMRAM))
                0x0800040c                __data_regions_array_end = .
                0x0800040c                __bss_regions_array_start = .
                0x0800040c        0x4 LONG 0x20000078 ADDR (.bss)
                0x08000410        0x4 LONG 0x200001d8 (ADDR (.bss) + SIZEOF (.bss))
                0x08000414        0x4 LONG 0x10000000 ADDR (.bss_CCMRAM)
                0x08000418        0x4 LONG 0x10000000 (ADDR (.bss_CCMRAM) + SIZEOF (.bss_CCMRAM))
                0x0800041c                __bss_regions_array_end = .
 *(.init)
 *(.fini)
                0x0800041c                . = ALIGN (0x4)
                0x0800041c                PROVIDE (__preinit_array_start, .)
 *(.preinit_array_sysinit .preinit_array_sysinit.*)
 *(.preinit_array_platform .preinit_array_platform.*)
 *(.preinit_array .preinit_array.*)
                0x0800041c                PROVIDE (__preinit_array_end, .)
                0x0800041c                . = ALIGN (0x4)
                0x0800041c                PROVIDE (__init_array_start, .)
 *(SORT_BY_NAME(.init_array.*))
 *(.init_array)
                0x0800041c                PROVIDE (__init_array_end, .)
                0x0800041c                . = ALIGN (0x4)
                0x0800041c                PROVIDE (__fini_array_start, .)
 *(SORT_BY_NAME(.fini_array.*))
 *(.fini_array)
                0x0800041c                PROVIDE (__fini_array_end, .)

.flashtext
 *(.flashtext .flashtext.*)

.text           0x08000420     0x165b
 *(.text .text.*)
 .text.HAL_GetTick
                0x08000420        0xc ./system/src/stm32f4-hal/stm32f4xx_hal.o
                0x08000420                HAL_GetTick
 .text.HAL_Delay
                0x0800042c       0x1c ./system/src/stm32f4-hal/stm32f4xx_hal.o
                0x0800042c                HAL_Delay
 .text._exit    0x08000448        0x2 ./system/src/newlib/_exit.o
                0x08000448                _exit
 *fill*         0x0800044a        0x2 
 .text._sbrk    0x0800044c       0x44 ./system/src/newlib/_sbrk.o
                0x0800044c                _sbrk
 .text.__initialize_args
                0x08000490       0x10 ./system/src/newlib/_syscalls.o
                0x08000490                __initialize_args
 .text.trace_printf
                0x080004a0       0x30 ./system/src/diag/Trace.o
                0x080004a0                trace_printf
 .text._trace_write_semihosting_debug
                0x080004d0       0x60 ./system/src/diag/trace_impl.o
 .text.trace_write
                0x08000530        0x8 ./system/src/diag/trace_impl.o
                0x08000530                trace_write
 .text.__initialize_hardware_early
                0x08000538       0x18 ./system/src/cortexm/_initialize_hardware.o
                0x08000538                __initialize_hardware_early
 .text.__initialize_hardware
                0x08000550        0x8 ./system/src/cortexm/_initialize_hardware.o
                0x08000550                __initialize_hardware
 .text.dumpExceptionStack
                0x08000558       0xf4 ./system/src/cortexm/exception_handlers.o
                0x08000558                dumpExceptionStack
 .text.isSemihosting
                0x0800064c       0x20 ./system/src/cortexm/exception_handlers.o
                0x0800064c                isSemihosting
 .text.SystemInit
                0x0800066c       0x40 ./system/src/cmsis/system_stm32f4xx.o
                0x0800066c                SystemInit
 .text.SystemCoreClockUpdate
                0x080006ac       0xa0 ./system/src/cmsis/system_stm32f4xx.o
                0x080006ac                SystemCoreClockUpdate
 .text.H_DCMotor1_void_ClockWise
                0x0800074c       0x18 ./src/DCMotor_prog.o
                0x0800074c                H_DCMotor1_void_ClockWise
 .text.H_DCMotor1_void_untyClockWise
                0x08000764       0x18 ./src/DCMotor_prog.o
                0x08000764                H_DCMotor1_void_untyClockWise
 .text.H_DCMotor1_void_Stop
                0x0800077c       0x18 ./src/DCMotor_prog.o
                0x0800077c                H_DCMotor1_void_Stop
 .text.H_DCMotor2_void_ClockWise
                0x08000794       0x18 ./src/DCMotor_prog.o
                0x08000794                H_DCMotor2_void_ClockWise
 .text.H_DCMotor2_void_untyClockWise
                0x080007ac       0x18 ./src/DCMotor_prog.o
                0x080007ac                H_DCMotor2_void_untyClockWise
 .text.H_DCMotor2_void_Stop
                0x080007c4       0x18 ./src/DCMotor_prog.o
                0x080007c4                H_DCMotor2_void_Stop
 .text.EXTI0_IRQHandler
                0x080007dc       0x1c ./src/MEXTI_prog.o
                0x080007dc                EXTI0_IRQHandler
 .text.EXTI1_IRQHandler
                0x080007f8       0x1c ./src/MEXTI_prog.o
                0x080007f8                EXTI1_IRQHandler
 .text.MGPIO_voidSetPinMode
                0x08000814       0x7c ./src/MGPIO_program.o
                0x08000814                MGPIO_voidSetPinMode
 .text.MGPIO_voidSetPinOutPutType
                0x08000890       0x70 ./src/MGPIO_program.o
                0x08000890                MGPIO_voidSetPinOutPutType
 .text.MGPIO_voidSetPinOutSpeed
                0x08000900       0x7c ./src/MGPIO_program.o
                0x08000900                MGPIO_voidSetPinOutSpeed
 .text.MGPIO_voidWriteData
                0x0800097c      0x108 ./src/MGPIO_program.o
                0x0800097c                MGPIO_voidWriteData
 .text.MGPIO_voidSetPinAltFn
                0x08000a84      0x118 ./src/MGPIO_program.o
                0x08000a84                MGPIO_voidSetPinAltFn
 .text.MNVIC_voidEnableInterrupt
                0x08000b9c       0x18 ./src/MNVIC_Program.o
                0x08000b9c                MNVIC_voidEnableInterrupt
 .text.MRCC_voidEnablePeripheralClock
                0x08000bb4       0x5c ./src/MRCC_prog.o
                0x08000bb4                MRCC_voidEnablePeripheralClock
 .text.MRCC_voidInitSystemClk
                0x08000c10       0x20 ./src/MRCC_prog.o
                0x08000c10                MRCC_voidInitSystemClk
 .text.SysTick_Handler
                0x08000c30       0x3c ./src/MSYSTICK_Program.o
                0x08000c30                SysTick_Handler
 .text.MTIMER2_voidInit
                0x08000c6c       0x1e ./src/MTIMER4_prog.o
                0x08000c6c                MTIMER2_voidInit
 .text.MTIMER2_void_PWM
                0x08000c8a        0xa ./src/MTIMER4_prog.o
                0x08000c8a                MTIMER2_void_PWM
 .text.MUSART_GetHandler
                0x08000c94       0x20 ./src/MUSART_Program.o
 .text.MSUART_voidInit
                0x08000cb4       0x60 ./src/MUSART_Program.o
                0x08000cb4                MSUART_voidInit
 .text.MUSART_voidEnable
                0x08000d14       0x40 ./src/MUSART_Program.o
                0x08000d14                MUSART_voidEnable
 .text.MUSART_u8SendData
                0x08000d54       0x24 ./src/MUSART_Program.o
                0x08000d54                MUSART_u8SendData
 .text.MUSART_u8ReadData
                0x08000d78        0xc ./src/MUSART_Program.o
                0x08000d78                MUSART_u8ReadData
 .text.main     0x08000d84      0x1b4 ./src/main.o
                0x08000d84                main
 .text.USART1_IRQHandler
                0x08000f38       0x14 ./src/main.o
                0x08000f38                USART1_IRQHandler
 .text.USART6_IRQHandler
                0x08000f4c        0xa ./src/main.o
                0x08000f4c                USART6_IRQHandler
 *fill*         0x08000f56        0x2 
 .text.__errno  0x08000f58        0xc c:/users/user/desktop/iti_data/arm/imt_sdk/imt sdk/03- imt sdk/imt_sdk_win_64/imt_sdk_win_64/winarm/armgcc/bin/../lib/gcc/arm-none-eabi/7.2.1/../../../../arm-none-eabi/lib/thumb/v7e-m\libg_nano.a(lib_a-errno.o)
                0x08000f58                __errno
 .text.memset   0x08000f64       0x10 c:/users/user/desktop/iti_data/arm/imt_sdk/imt sdk/03- imt sdk/imt_sdk_win_64/imt_sdk_win_64/winarm/armgcc/bin/../lib/gcc/arm-none-eabi/7.2.1/../../../../arm-none-eabi/lib/thumb/v7e-m\libg_nano.a(lib_a-memset.o)
                0x08000f64                memset
 .text.sprintf  0x08000f74       0x40 c:/users/user/desktop/iti_data/arm/imt_sdk/imt sdk/03- imt sdk/imt_sdk_win_64/imt_sdk_win_64/winarm/armgcc/bin/../lib/gcc/arm-none-eabi/7.2.1/../../../../arm-none-eabi/lib/thumb/v7e-m\libg_nano.a(lib_a-sprintf.o)
                0x08000f74                siprintf
                0x08000f74                sprintf
 .text          0x08000fb4       0x10 c:/users/user/desktop/iti_data/arm/imt_sdk/imt sdk/03- imt sdk/imt_sdk_win_64/imt_sdk_win_64/winarm/armgcc/bin/../lib/gcc/arm-none-eabi/7.2.1/../../../../arm-none-eabi/lib/thumb/v7e-m\libg_nano.a(lib_a-strlen.o)
                0x08000fb4                strlen
 .text.strstr   0x08000fc4       0x34 c:/users/user/desktop/iti_data/arm/imt_sdk/imt sdk/03- imt sdk/imt_sdk_win_64/imt_sdk_win_64/winarm/armgcc/bin/../lib/gcc/arm-none-eabi/7.2.1/../../../../arm-none-eabi/lib/thumb/v7e-m\libg_nano.a(lib_a-strstr.o)
                0x08000fc4                strstr
 .text._vsnprintf_r
                0x08000ff8       0x58 c:/users/user/desktop/iti_data/arm/imt_sdk/imt sdk/03- imt sdk/imt_sdk_win_64/imt_sdk_win_64/winarm/armgcc/bin/../lib/gcc/arm-none-eabi/7.2.1/../../../../arm-none-eabi/lib/thumb/v7e-m\libg_nano.a(lib_a-vsnprintf.o)
                0x08000ff8                _vsniprintf_r
                0x08000ff8                _vsnprintf_r
 .text.vsnprintf
                0x08001050       0x1c c:/users/user/desktop/iti_data/arm/imt_sdk/imt sdk/03- imt sdk/imt_sdk_win_64/imt_sdk_win_64/winarm/armgcc/bin/../lib/gcc/arm-none-eabi/7.2.1/../../../../arm-none-eabi/lib/thumb/v7e-m\libg_nano.a(lib_a-vsnprintf.o)
                0x08001050                vsniprintf
                0x08001050                vsnprintf
 .text.__ssputs_r
                0x0800106c       0xb4 c:/users/user/desktop/iti_data/arm/imt_sdk/imt sdk/03- imt sdk/imt_sdk_win_64/imt_sdk_win_64/winarm/armgcc/bin/../lib/gcc/arm-none-eabi/7.2.1/../../../../arm-none-eabi/lib/thumb/v7e-m\libg_nano.a(lib_a-nano-svfprintf.o)
                0x0800106c                __ssputs_r
 .text._svfprintf_r
                0x08001120      0x1ec c:/users/user/desktop/iti_data/arm/imt_sdk/imt sdk/03- imt sdk/imt_sdk_win_64/imt_sdk_win_64/winarm/armgcc/bin/../lib/gcc/arm-none-eabi/7.2.1/../../../../arm-none-eabi/lib/thumb/v7e-m\libg_nano.a(lib_a-nano-svfprintf.o)
                0x08001120                _svfiprintf_r
                0x08001120                _svfprintf_r
 .text._printf_common
                0x0800130c       0xea c:/users/user/desktop/iti_data/arm/imt_sdk/imt sdk/03- imt sdk/imt_sdk_win_64/imt_sdk_win_64/winarm/armgcc/bin/../lib/gcc/arm-none-eabi/7.2.1/../../../../arm-none-eabi/lib/thumb/v7e-m\libg_nano.a(lib_a-nano-vfprintf_i.o)
                0x0800130c                _printf_common
 *fill*         0x080013f6        0x2 
 .text._printf_i
                0x080013f8      0x224 c:/users/user/desktop/iti_data/arm/imt_sdk/imt sdk/03- imt sdk/imt_sdk_win_64/imt_sdk_win_64/winarm/armgcc/bin/../lib/gcc/arm-none-eabi/7.2.1/../../../../arm-none-eabi/lib/thumb/v7e-m\libg_nano.a(lib_a-nano-vfprintf_i.o)
                0x080013f8                _printf_i
 *fill*         0x0800161c        0x4 
 .text          0x08001620       0xa0 c:/users/user/desktop/iti_data/arm/imt_sdk/imt sdk/03- imt sdk/imt_sdk_win_64/imt_sdk_win_64/winarm/armgcc/bin/../lib/gcc/arm-none-eabi/7.2.1/../../../../arm-none-eabi/lib/thumb/v7e-m\libg_nano.a(lib_a-memchr.o)
                0x08001620                memchr
 .text.memcpy   0x080016c0       0x16 c:/users/user/desktop/iti_data/arm/imt_sdk/imt sdk/03- imt sdk/imt_sdk_win_64/imt_sdk_win_64/winarm/armgcc/bin/../lib/gcc/arm-none-eabi/7.2.1/../../../../arm-none-eabi/lib/thumb/v7e-m\libg_nano.a(lib_a-memcpy-stub.o)
                0x080016c0                memcpy
 .text.memmove  0x080016d6       0x32 c:/users/user/desktop/iti_data/arm/imt_sdk/imt sdk/03- imt sdk/imt_sdk_win_64/imt_sdk_win_64/winarm/armgcc/bin/../lib/gcc/arm-none-eabi/7.2.1/../../../../arm-none-eabi/lib/thumb/v7e-m\libg_nano.a(lib_a-memmove.o)
                0x080016d6                memmove
 .text._free_r  0x08001708       0x9c c:/users/user/desktop/iti_data/arm/imt_sdk/imt sdk/03- imt sdk/imt_sdk_win_64/imt_sdk_win_64/winarm/armgcc/bin/../lib/gcc/arm-none-eabi/7.2.1/../../../../arm-none-eabi/lib/thumb/v7e-m\libg_nano.a(lib_a-nano-freer.o)
                0x08001708                _free_r
 .text._malloc_r
                0x080017a4       0xb4 c:/users/user/desktop/iti_data/arm/imt_sdk/imt sdk/03- imt sdk/imt_sdk_win_64/imt_sdk_win_64/winarm/armgcc/bin/../lib/gcc/arm-none-eabi/7.2.1/../../../../arm-none-eabi/lib/thumb/v7e-m\libg_nano.a(lib_a-nano-mallocr.o)
                0x080017a4                _malloc_r
 .text._realloc_r
                0x08001858       0x4c c:/users/user/desktop/iti_data/arm/imt_sdk/imt sdk/03- imt sdk/imt_sdk_win_64/imt_sdk_win_64/winarm/armgcc/bin/../lib/gcc/arm-none-eabi/7.2.1/../../../../arm-none-eabi/lib/thumb/v7e-m\libg_nano.a(lib_a-nano-reallocr.o)
                0x08001858                _realloc_r
 .text._sbrk_r  0x080018a4       0x20 c:/users/user/desktop/iti_data/arm/imt_sdk/imt sdk/03- imt sdk/imt_sdk_win_64/imt_sdk_win_64/winarm/armgcc/bin/../lib/gcc/arm-none-eabi/7.2.1/../../../../arm-none-eabi/lib/thumb/v7e-m\libg_nano.a(lib_a-sbrkr.o)
                0x080018a4                _sbrk_r
 .text.__malloc_lock
                0x080018c4        0x2 c:/users/user/desktop/iti_data/arm/imt_sdk/imt sdk/03- imt sdk/imt_sdk_win_64/imt_sdk_win_64/winarm/armgcc/bin/../lib/gcc/arm-none-eabi/7.2.1/../../../../arm-none-eabi/lib/thumb/v7e-m\libg_nano.a(lib_a-mlock.o)
                0x080018c4                __malloc_lock
 .text.__malloc_unlock
                0x080018c6        0x2 c:/users/user/desktop/iti_data/arm/imt_sdk/imt sdk/03- imt sdk/imt_sdk_win_64/imt_sdk_win_64/winarm/armgcc/bin/../lib/gcc/arm-none-eabi/7.2.1/../../../../arm-none-eabi/lib/thumb/v7e-m\libg_nano.a(lib_a-mlock.o)
                0x080018c6                __malloc_unlock
 .text._malloc_usable_size_r
                0x080018c8       0x10 c:/users/user/desktop/iti_data/arm/imt_sdk/imt sdk/03- imt sdk/imt_sdk_win_64/imt_sdk_win_64/winarm/armgcc/bin/../lib/gcc/arm-none-eabi/7.2.1/../../../../arm-none-eabi/lib/thumb/v7e-m\libg_nano.a(lib_a-nano-msizer.o)
                0x080018c8                _malloc_usable_size_r
 *(.rodata .rodata.* .constdata .constdata.*)
 .rodata.dumpExceptionStack.str1.4
                0x080018d8      0x11a ./system/src/cortexm/exception_handlers.o
 *fill*         0x080019f2        0x2 
 .rodata.str1.4
                0x080019f4       0x2a ./system/src/cortexm/exception_handlers.o
 *fill*         0x08001a1e        0x2 
 .rodata.AHBPrescTable
                0x08001a20       0x10 ./system/src/cmsis/system_stm32f4xx.o
                0x08001a20                AHBPrescTable
 .rodata.main.str1.4
                0x08001a30       0x18 ./src/main.o
 .rodata._svfprintf_r.str1.1
                0x08001a48       0x11 c:/users/user/desktop/iti_data/arm/imt_sdk/imt sdk/03- imt sdk/imt_sdk_win_64/imt_sdk_win_64/winarm/armgcc/bin/../lib/gcc/arm-none-eabi/7.2.1/../../../../arm-none-eabi/lib/thumb/v7e-m\libg_nano.a(lib_a-nano-svfprintf.o)
 .rodata._printf_i.str1.1
                0x08001a59       0x22 c:/users/user/desktop/iti_data/arm/imt_sdk/imt sdk/03- imt sdk/imt_sdk_win_64/imt_sdk_win_64/winarm/armgcc/bin/../lib/gcc/arm-none-eabi/7.2.1/../../../../arm-none-eabi/lib/thumb/v7e-m\libg_nano.a(lib_a-nano-vfprintf_i.o)
 *(vtable)
 *(.eh_frame*)
 *(.glue_7)
 .glue_7        0x08001a7b        0x0 linker stubs
 *(.glue_7t)
 .glue_7t       0x08001a7b        0x0 linker stubs

.vfp11_veneer   0x08001a7c        0x0
 .vfp11_veneer  0x08001a7c        0x0 linker stubs

.v4_bx          0x08001a7c        0x0
 .v4_bx         0x08001a7c        0x0 linker stubs

.iplt           0x08001a7c        0x0
 .iplt          0x08001a7c        0x0 ./system/src/stm32f4-hal/stm32f4xx_hal.o

.rel.dyn        0x08001a7c        0x0
 .rel.iplt      0x08001a7c        0x0 ./system/src/stm32f4-hal/stm32f4xx_hal.o

.ARM.extab
 *(.ARM.extab* .gnu.linkonce.armextab.*)
                0x08001a7c                . = ALIGN (0x4)
                0x08001a7c                __exidx_start = .

.ARM.exidx
 *(.ARM.exidx* .gnu.linkonce.armexidx.*)
                0x08001a7c                __exidx_end = .
                0x08001a7c                . = ALIGN (0x4)
                0x08001a7c                _etext = .
                0x08001a7c                __etext = .

.data_CCMRAM    0x10000000        0x0 load address 0x08001a7c
 FILL mask 0xff
 *(.data.CCMRAM .data.CCMRAM.*)
                0x10000000                . = ALIGN (0x4)
                0x08001a7c                _sidata = LOADADDR (.data)

.data           0x20000000       0x78 load address 0x08001a7c
 FILL mask 0xff
                0x20000000                _sdata = .
                0x20000000                __data_start__ = .
 *(.data_begin .data_begin.*)
 .data_begin    0x20000000        0x4 ./system/src/newlib/_startup.o
 *(.data .data.*)
 .data.argv.4310
                0x20000004        0x8 ./system/src/newlib/_syscalls.o
 .data.SystemCoreClock
                0x2000000c        0x4 ./system/src/cmsis/system_stm32f4xx.o
                0x2000000c                SystemCoreClock
 .data._impure_ptr
                0x20000010        0x4 c:/users/user/desktop/iti_data/arm/imt_sdk/imt sdk/03- imt sdk/imt_sdk_win_64/imt_sdk_win_64/winarm/armgcc/bin/../lib/gcc/arm-none-eabi/7.2.1/../../../../arm-none-eabi/lib/thumb/v7e-m\libg_nano.a(lib_a-impure.o)
                0x20000010                _impure_ptr
 .data.impure_data
                0x20000014       0x60 c:/users/user/desktop/iti_data/arm/imt_sdk/imt sdk/03- imt sdk/imt_sdk_win_64/imt_sdk_win_64/winarm/armgcc/bin/../lib/gcc/arm-none-eabi/7.2.1/../../../../arm-none-eabi/lib/thumb/v7e-m\libg_nano.a(lib_a-impure.o)
 *(.data_end .data_end.*)
 .data_end      0x20000074        0x4 ./system/src/newlib/_startup.o
                0x20000078                . = ALIGN (0x4)
                0x20000078                _edata = .
                0x20000078                __data_end__ = .

.igot.plt       0x20000078        0x0 load address 0x08001af4
 .igot.plt      0x20000078        0x0 ./system/src/stm32f4-hal/stm32f4xx_hal.o

.bss_CCMRAM     0x10000000        0x0
 *(.bss.CCMRAM .bss.CCMRAM.*)

.bss            0x20000078      0x160
                0x20000078                __bss_start__ = .
                0x20000078                _sbss = .
 *(.bss_begin .bss_begin.*)
 .bss_begin     0x20000078        0x4 ./system/src/newlib/_startup.o
 *(.bss .bss.*)
 .bss.current_heap_end.3961
                0x2000007c        0x4 ./system/src/newlib/_sbrk.o
 .bss.name.4309
                0x20000080        0x1 ./system/src/newlib/_syscalls.o
 *fill*         0x20000081        0x3 
 .bss.buf.5205  0x20000084       0x80 ./system/src/diag/Trace.o
 .bss.EXTI0_CallBack
                0x20000104        0x4 ./src/MEXTI_prog.o
 .bss.EXTI1_CallBack
                0x20000108        0x4 ./src/MEXTI_prog.o
 .bss.MSTK_u8ModeOfInterval
                0x2000010c        0x1 ./src/MSYSTICK_Program.o
 .bss.ATisOK    0x2000010d        0x1 ./src/main.o
                0x2000010d                ATisOK
 .bss.L_u8msg   0x2000010e        0x1 ./src/main.o
 *fill*         0x2000010f        0x1 
 .bss.buffer    0x20000110       0x1e ./src/main.o
                0x20000110                buffer
 *fill*         0x2000012e        0x2 
 .bss.__malloc_free_list
                0x20000130        0x4 c:/users/user/desktop/iti_data/arm/imt_sdk/imt sdk/03- imt sdk/imt_sdk_win_64/imt_sdk_win_64/winarm/armgcc/bin/../lib/gcc/arm-none-eabi/7.2.1/../../../../arm-none-eabi/lib/thumb/v7e-m\libg_nano.a(lib_a-nano-mallocr.o)
                0x20000130                __malloc_free_list
 .bss.__malloc_sbrk_start
                0x20000134        0x4 c:/users/user/desktop/iti_data/arm/imt_sdk/imt sdk/03- imt sdk/imt_sdk_win_64/imt_sdk_win_64/winarm/armgcc/bin/../lib/gcc/arm-none-eabi/7.2.1/../../../../arm-none-eabi/lib/thumb/v7e-m\libg_nano.a(lib_a-nano-mallocr.o)
                0x20000134                __malloc_sbrk_start
 *(COMMON)
 COMMON         0x20000138        0x4 ./system/src/stm32f4-hal/stm32f4xx_hal.o
                0x20000138                uwTick
 COMMON         0x2000013c        0x4 ./system/src/newlib/_syscalls.o
                0x2000013c                errno
 COMMON         0x20000140        0x4 ./src/MSYSTICK_Program.o
                0x20000140                MSTK_CallBack
 COMMON         0x20000144       0x8e ./src/main.o
                0x20000144                ATcommand
                0x20000194                longt
                0x200001b4                lat
 *(.bss_end .bss_end.*)
 *fill*         0x200001d2        0x2 
 .bss_end       0x200001d4        0x4 ./system/src/newlib/_startup.o
                0x200001d8                . = ALIGN (0x4)
                0x200001d8                __bss_end__ = .
                0x200001d8                _ebss = .

.noinit_CCMRAM
 *(.noinit.CCMRAM .noinit.CCMRAM.*)

.noinit         0x200001d8        0x0
                0x200001d8                _noinit = .
 *(.noinit .noinit.*)
                0x200001d8                . = ALIGN (0x4)
                0x200001d8                _end_noinit = .
                [!provide]                PROVIDE (end, _end_noinit)
                [!provide]                PROVIDE (_end, _end_noinit)
                [!provide]                PROVIDE (__end, _end_noinit)
                [!provide]                PROVIDE (__end__, _end_noinit)

._check_stack   0x200001d8      0x100
                0x200002d8                . = (. + _Minimum_Stack_Size)
 *fill*         0x200001d8      0x100 

.b1text
 *(.b1text)
 *(.b1rodata)
 *(.b1rodata.*)

.eb0text
 *(.eb0text)
 *(.eb0rodata)
 *(.eb0rodata.*)

.eb1text
 *(.eb1text)
 *(.eb1rodata)
 *(.eb1rodata.*)

.eb2text
 *(.eb2text)
 *(.eb2rodata)
 *(.eb2rodata.*)

.eb3text
 *(.eb3text)
 *(.eb3rodata)
 *(.eb3rodata.*)

.stab
 *(.stab)

.stabstr
 *(.stabstr)

.stab.excl
 *(.stab.excl)

.stab.exclstr
 *(.stab.exclstr)

.stab.index
 *(.stab.index)

.stab.indexstr
 *(.stab.indexstr)

.comment        0x00000000       0x7e
 *(.comment)
 .comment       0x00000000       0x7e ./system/src/stm32f4-hal/stm32f4xx_hal.o
                                 0x7f (size before relaxing)
 .comment       0x0000007e       0x7f ./system/src/newlib/_exit.o
 .comment       0x0000007e       0x7f ./system/src/newlib/_sbrk.o
 .comment       0x0000007e       0x7f ./system/src/newlib/_startup.o
 .comment       0x0000007e       0x7f ./system/src/newlib/_syscalls.o
 .comment       0x0000007e       0x7f ./system/src/diag/Trace.o
 .comment       0x0000007e       0x7f ./system/src/diag/trace_impl.o
 .comment       0x0000007e       0x7f ./system/src/cortexm/_initialize_hardware.o
 .comment       0x0000007e       0x7f ./system/src/cortexm/exception_handlers.o
 .comment       0x0000007e       0x7f ./system/src/cmsis/system_stm32f4xx.o
 .comment       0x0000007e       0x7f ./system/src/cmsis/vectors_stm32f401xc.o
 .comment       0x0000007e       0x7f ./src/DCMotor_prog.o
 .comment       0x0000007e       0x7f ./src/MEXTI_prog.o
 .comment       0x0000007e       0x7f ./src/MGPIO_program.o
 .comment       0x0000007e       0x7f ./src/MNVIC_Program.o
 .comment       0x0000007e       0x7f ./src/MRCC_prog.o
 .comment       0x0000007e       0x7f ./src/MSYSTICK_Program.o
 .comment       0x0000007e       0x7f ./src/MTIMER4_prog.o
 .comment       0x0000007e       0x7f ./src/MUSART_Program.o
 .comment       0x0000007e       0x7f ./src/main.o

.ARM.attributes
                0x00000000       0x31
 .ARM.attributes
                0x00000000       0x33 ./system/src/stm32f4-hal/stm32f4xx_hal.o
 .ARM.attributes
                0x00000033       0x33 ./system/src/newlib/_exit.o
 .ARM.attributes
                0x00000066       0x33 ./system/src/newlib/_sbrk.o
 .ARM.attributes
                0x00000099       0x33 ./system/src/newlib/_startup.o
 .ARM.attributes
                0x000000cc       0x33 ./system/src/newlib/_syscalls.o
 .ARM.attributes
                0x000000ff       0x33 ./system/src/diag/Trace.o
 .ARM.attributes
                0x00000132       0x33 ./system/src/diag/trace_impl.o
 .ARM.attributes
                0x00000165       0x33 ./system/src/cortexm/_initialize_hardware.o
 .ARM.attributes
                0x00000198       0x33 ./system/src/cortexm/exception_handlers.o
 .ARM.attributes
                0x000001cb       0x33 ./system/src/cmsis/system_stm32f4xx.o
 .ARM.attributes
                0x000001fe       0x33 ./system/src/cmsis/vectors_stm32f401xc.o
 .ARM.attributes
                0x00000231       0x33 ./src/DCMotor_prog.o
 .ARM.attributes
                0x00000264       0x33 ./src/MEXTI_prog.o
 .ARM.attributes
                0x00000297       0x33 ./src/MGPIO_program.o
 .ARM.attributes
                0x000002ca       0x33 ./src/MNVIC_Program.o
 .ARM.attributes
                0x000002fd       0x33 ./src/MRCC_prog.o
 .ARM.attributes
                0x00000330       0x33 ./src/MSYSTICK_Program.o
 .ARM.attributes
                0x00000363       0x33 ./src/MTIMER4_prog.o
 .ARM.attributes
                0x00000396       0x33 ./src/MUSART_Program.o
 .ARM.attributes
                0x000003c9       0x33 ./src/main.o
 .ARM.attributes
                0x000003fc       0x2e c:/users/user/desktop/iti_data/arm/imt_sdk/imt sdk/03- imt sdk/imt_sdk_win_64/imt_sdk_win_64/winarm/armgcc/bin/../lib/gcc/arm-none-eabi/7.2.1/../../../../arm-none-eabi/lib/thumb/v7e-m\libg_nano.a(lib_a-errno.o)
 .ARM.attributes
                0x0000042a       0x2e c:/users/user/desktop/iti_data/arm/imt_sdk/imt sdk/03- imt sdk/imt_sdk_win_64/imt_sdk_win_64/winarm/armgcc/bin/../lib/gcc/arm-none-eabi/7.2.1/../../../../arm-none-eabi/lib/thumb/v7e-m\libg_nano.a(lib_a-impure.o)
 .ARM.attributes
                0x00000458       0x2e c:/users/user/desktop/iti_data/arm/imt_sdk/imt sdk/03- imt sdk/imt_sdk_win_64/imt_sdk_win_64/winarm/armgcc/bin/../lib/gcc/arm-none-eabi/7.2.1/../../../../arm-none-eabi/lib/thumb/v7e-m\libg_nano.a(lib_a-memset.o)
 .ARM.attributes
                0x00000486       0x2e c:/users/user/desktop/iti_data/arm/imt_sdk/imt sdk/03- imt sdk/imt_sdk_win_64/imt_sdk_win_64/winarm/armgcc/bin/../lib/gcc/arm-none-eabi/7.2.1/../../../../arm-none-eabi/lib/thumb/v7e-m\libg_nano.a(lib_a-sprintf.o)
 .ARM.attributes
                0x000004b4       0x17 c:/users/user/desktop/iti_data/arm/imt_sdk/imt sdk/03- imt sdk/imt_sdk_win_64/imt_sdk_win_64/winarm/armgcc/bin/../lib/gcc/arm-none-eabi/7.2.1/../../../../arm-none-eabi/lib/thumb/v7e-m\libg_nano.a(lib_a-strlen.o)
 .ARM.attributes
                0x000004cb       0x2e c:/users/user/desktop/iti_data/arm/imt_sdk/imt sdk/03- imt sdk/imt_sdk_win_64/imt_sdk_win_64/winarm/armgcc/bin/../lib/gcc/arm-none-eabi/7.2.1/../../../../arm-none-eabi/lib/thumb/v7e-m\libg_nano.a(lib_a-strstr.o)
 .ARM.attributes
                0x000004f9       0x2e c:/users/user/desktop/iti_data/arm/imt_sdk/imt sdk/03- imt sdk/imt_sdk_win_64/imt_sdk_win_64/winarm/armgcc/bin/../lib/gcc/arm-none-eabi/7.2.1/../../../../arm-none-eabi/lib/thumb/v7e-m\libg_nano.a(lib_a-vsnprintf.o)
 .ARM.attributes
                0x00000527       0x2e c:/users/user/desktop/iti_data/arm/imt_sdk/imt sdk/03- imt sdk/imt_sdk_win_64/imt_sdk_win_64/winarm/armgcc/bin/../lib/gcc/arm-none-eabi/7.2.1/../../../../arm-none-eabi/lib/thumb/v7e-m\libg_nano.a(lib_a-nano-svfprintf.o)
 .ARM.attributes
                0x00000555       0x2e c:/users/user/desktop/iti_data/arm/imt_sdk/imt sdk/03- imt sdk/imt_sdk_win_64/imt_sdk_win_64/winarm/armgcc/bin/../lib/gcc/arm-none-eabi/7.2.1/../../../../arm-none-eabi/lib/thumb/v7e-m\libg_nano.a(lib_a-nano-vfprintf_i.o)
 .ARM.attributes
                0x00000583       0x1c c:/users/user/desktop/iti_data/arm/imt_sdk/imt sdk/03- imt sdk/imt_sdk_win_64/imt_sdk_win_64/winarm/armgcc/bin/../lib/gcc/arm-none-eabi/7.2.1/../../../../arm-none-eabi/lib/thumb/v7e-m\libg_nano.a(lib_a-memchr.o)
 .ARM.attributes
                0x0000059f       0x2e c:/users/user/desktop/iti_data/arm/imt_sdk/imt sdk/03- imt sdk/imt_sdk_win_64/imt_sdk_win_64/winarm/armgcc/bin/../lib/gcc/arm-none-eabi/7.2.1/../../../../arm-none-eabi/lib/thumb/v7e-m\libg_nano.a(lib_a-memcpy-stub.o)
 .ARM.attributes
                0x000005cd       0x2e c:/users/user/desktop/iti_data/arm/imt_sdk/imt sdk/03- imt sdk/imt_sdk_win_64/imt_sdk_win_64/winarm/armgcc/bin/../lib/gcc/arm-none-eabi/7.2.1/../../../../arm-none-eabi/lib/thumb/v7e-m\libg_nano.a(lib_a-memmove.o)
 .ARM.attributes
                0x000005fb       0x2e c:/users/user/desktop/iti_data/arm/imt_sdk/imt sdk/03- imt sdk/imt_sdk_win_64/imt_sdk_win_64/winarm/armgcc/bin/../lib/gcc/arm-none-eabi/7.2.1/../../../../arm-none-eabi/lib/thumb/v7e-m\libg_nano.a(lib_a-nano-freer.o)
 .ARM.attributes
                0x00000629       0x2e c:/users/user/desktop/iti_data/arm/imt_sdk/imt sdk/03- imt sdk/imt_sdk_win_64/imt_sdk_win_64/winarm/armgcc/bin/../lib/gcc/arm-none-eabi/7.2.1/../../../../arm-none-eabi/lib/thumb/v7e-m\libg_nano.a(lib_a-nano-mallocr.o)
 .ARM.attributes
                0x00000657       0x2e c:/users/user/desktop/iti_data/arm/imt_sdk/imt sdk/03- imt sdk/imt_sdk_win_64/imt_sdk_win_64/winarm/armgcc/bin/../lib/gcc/arm-none-eabi/7.2.1/../../../../arm-none-eabi/lib/thumb/v7e-m\libg_nano.a(lib_a-nano-reallocr.o)
 .ARM.attributes
                0x00000685       0x2e c:/users/user/desktop/iti_data/arm/imt_sdk/imt sdk/03- imt sdk/imt_sdk_win_64/imt_sdk_win_64/winarm/armgcc/bin/../lib/gcc/arm-none-eabi/7.2.1/../../../../arm-none-eabi/lib/thumb/v7e-m\libg_nano.a(lib_a-sbrkr.o)
 .ARM.attributes
                0x000006b3       0x2e c:/users/user/desktop/iti_data/arm/imt_sdk/imt sdk/03- imt sdk/imt_sdk_win_64/imt_sdk_win_64/winarm/armgcc/bin/../lib/gcc/arm-none-eabi/7.2.1/../../../../arm-none-eabi/lib/thumb/v7e-m\libg_nano.a(lib_a-mlock.o)
 .ARM.attributes
                0x000006e1       0x2e c:/users/user/desktop/iti_data/arm/imt_sdk/imt sdk/03- imt sdk/imt_sdk_win_64/imt_sdk_win_64/winarm/armgcc/bin/../lib/gcc/arm-none-eabi/7.2.1/../../../../arm-none-eabi/lib/thumb/v7e-m\libg_nano.a(lib_a-nano-msizer.o)

.debug
 *(.debug)

.line
 *(.line)

.debug_srcinfo
 *(.debug_srcinfo)

.debug_sfnames
 *(.debug_sfnames)

.debug_aranges  0x00000000      0x588
 *(.debug_aranges)
 .debug_aranges
                0x00000000       0xc0 ./system/src/stm32f4-hal/stm32f4xx_hal.o
 .debug_aranges
                0x000000c0       0x28 ./system/src/newlib/_exit.o
 .debug_aranges
                0x000000e8       0x20 ./system/src/newlib/_sbrk.o
 .debug_aranges
                0x00000108       0x40 ./system/src/newlib/_startup.o
 .debug_aranges
                0x00000148       0x30 ./system/src/newlib/_syscalls.o
 .debug_aranges
                0x00000178       0x38 ./system/src/diag/Trace.o
 .debug_aranges
                0x000001b0       0x30 ./system/src/diag/trace_impl.o
 .debug_aranges
                0x000001e0       0x28 ./system/src/cortexm/_initialize_hardware.o
 .debug_aranges
                0x00000208       0x90 ./system/src/cortexm/exception_handlers.o
 .debug_aranges
                0x00000298       0x28 ./system/src/cmsis/system_stm32f4xx.o
 .debug_aranges
                0x000002c0       0x20 ./system/src/cmsis/vectors_stm32f401xc.o
 .debug_aranges
                0x000002e0       0x48 ./src/DCMotor_prog.o
 .debug_aranges
                0x00000328       0x68 ./src/MEXTI_prog.o
 .debug_aranges
                0x00000390       0x60 ./src/MGPIO_program.o
 .debug_aranges
                0x000003f0       0x58 ./src/MNVIC_Program.o
 .debug_aranges
                0x00000448       0x48 ./src/MRCC_prog.o
 .debug_aranges
                0x00000490       0x58 ./src/MSYSTICK_Program.o
 .debug_aranges
                0x000004e8       0x28 ./src/MTIMER4_prog.o
 .debug_aranges
                0x00000510       0x48 ./src/MUSART_Program.o
 .debug_aranges
                0x00000558       0x30 ./src/main.o

.debug_pubnames
 *(.debug_pubnames)

.debug_info     0x00000000     0x9849
 *(.debug_info .gnu.linkonce.wi.*)
 .debug_info    0x00000000     0x107e ./system/src/stm32f4-hal/stm32f4xx_hal.o
 .debug_info    0x0000107e      0x956 ./system/src/newlib/_exit.o
 .debug_info    0x000019d4      0x942 ./system/src/newlib/_sbrk.o
 .debug_info    0x00002316      0x4bf ./system/src/newlib/_startup.o
 .debug_info    0x000027d5      0xa19 ./system/src/newlib/_syscalls.o
 .debug_info    0x000031ee      0xb2a ./system/src/diag/Trace.o
 .debug_info    0x00003d18      0xb6b ./system/src/diag/trace_impl.o
 .debug_info    0x00004883      0xade ./system/src/cortexm/_initialize_hardware.o
 .debug_info    0x00005361     0x115a ./system/src/cortexm/exception_handlers.o
 .debug_info    0x000064bb      0xcfe ./system/src/cmsis/system_stm32f4xx.o
 .debug_info    0x000071b9       0xca ./system/src/cmsis/vectors_stm32f401xc.o
 .debug_info    0x00007283      0x243 ./src/DCMotor_prog.o
 .debug_info    0x000074c6      0x265 ./src/MEXTI_prog.o
 .debug_info    0x0000772b      0x363 ./src/MGPIO_program.o
 .debug_info    0x00007a8e      0x341 ./src/MNVIC_Program.o
 .debug_info    0x00007dcf      0x3ca ./src/MRCC_prog.o
 .debug_info    0x00008199      0x204 ./src/MSYSTICK_Program.o
 .debug_info    0x0000839d      0x1c6 ./src/MTIMER4_prog.o
 .debug_info    0x00008563      0x3ac ./src/MUSART_Program.o
 .debug_info    0x0000890f      0xf3a ./src/main.o

.debug_abbrev   0x00000000     0x2368
 *(.debug_abbrev)
 .debug_abbrev  0x00000000      0x32b ./system/src/stm32f4-hal/stm32f4xx_hal.o
 .debug_abbrev  0x0000032b      0x1f3 ./system/src/newlib/_exit.o
 .debug_abbrev  0x0000051e      0x1fc ./system/src/newlib/_sbrk.o
 .debug_abbrev  0x0000071a      0x1cb ./system/src/newlib/_startup.o
 .debug_abbrev  0x000008e5      0x234 ./system/src/newlib/_syscalls.o
 .debug_abbrev  0x00000b19      0x276 ./system/src/diag/Trace.o
 .debug_abbrev  0x00000d8f      0x2ef ./system/src/diag/trace_impl.o
 .debug_abbrev  0x0000107e      0x1de ./system/src/cortexm/_initialize_hardware.o
 .debug_abbrev  0x0000125c      0x32b ./system/src/cortexm/exception_handlers.o
 .debug_abbrev  0x00001587      0x216 ./system/src/cmsis/system_stm32f4xx.o
 .debug_abbrev  0x0000179d       0x9d ./system/src/cmsis/vectors_stm32f401xc.o
 .debug_abbrev  0x0000183a       0x89 ./src/DCMotor_prog.o
 .debug_abbrev  0x000018c3      0x12d ./src/MEXTI_prog.o
 .debug_abbrev  0x000019f0      0x121 ./src/MGPIO_program.o
 .debug_abbrev  0x00001b11      0x137 ./src/MNVIC_Program.o
 .debug_abbrev  0x00001c48      0x102 ./src/MRCC_prog.o
 .debug_abbrev  0x00001d4a      0x158 ./src/MSYSTICK_Program.o
 .debug_abbrev  0x00001ea2       0xa0 ./src/MTIMER4_prog.o
 .debug_abbrev  0x00001f42      0x17e ./src/MUSART_Program.o
 .debug_abbrev  0x000020c0      0x2a8 ./src/main.o

.debug_line     0x00000000     0x5ba7
 *(.debug_line)
 .debug_line    0x00000000      0xbcc ./system/src/stm32f4-hal/stm32f4xx_hal.o
 .debug_line    0x00000bcc      0x38f ./system/src/newlib/_exit.o
 .debug_line    0x00000f5b      0x343 ./system/src/newlib/_sbrk.o
 .debug_line    0x0000129e      0x40b ./system/src/newlib/_startup.o
 .debug_line    0x000016a9      0x469 ./system/src/newlib/_syscalls.o
 .debug_line    0x00001b12      0x40b ./system/src/diag/Trace.o
 .debug_line    0x00001f1d      0xaff ./system/src/diag/trace_impl.o
 .debug_line    0x00002a1c      0xa68 ./system/src/cortexm/_initialize_hardware.o
 .debug_line    0x00003484      0xbb6 ./system/src/cortexm/exception_handlers.o
 .debug_line    0x0000403a      0xa6e ./system/src/cmsis/system_stm32f4xx.o
 .debug_line    0x00004aa8      0x112 ./system/src/cmsis/vectors_stm32f401xc.o
 .debug_line    0x00004bba      0x130 ./src/DCMotor_prog.o
 .debug_line    0x00004cea      0x17a ./src/MEXTI_prog.o
 .debug_line    0x00004e64      0x1dc ./src/MGPIO_program.o
 .debug_line    0x00005040      0x148 ./src/MNVIC_Program.o
 .debug_line    0x00005188      0x13e ./src/MRCC_prog.o
 .debug_line    0x000052c6      0x15c ./src/MSYSTICK_Program.o
 .debug_line    0x00005422       0xb0 ./src/MTIMER4_prog.o
 .debug_line    0x000054d2      0x149 ./src/MUSART_Program.o
 .debug_line    0x0000561b      0x58c ./src/main.o

.debug_frame    0x00000000      0xdcc
 *(.debug_frame)
 .debug_frame   0x00000000      0x188 ./system/src/stm32f4-hal/stm32f4xx_hal.o
 .debug_frame   0x00000188       0x38 ./system/src/newlib/_exit.o
 .debug_frame   0x000001c0       0x28 ./system/src/newlib/_sbrk.o
 .debug_frame   0x000001e8       0x7c ./system/src/newlib/_startup.o
 .debug_frame   0x00000264       0x50 ./system/src/newlib/_syscalls.o
 .debug_frame   0x000002b4       0x94 ./system/src/diag/Trace.o
 .debug_frame   0x00000348       0x64 ./system/src/diag/trace_impl.o
 .debug_frame   0x000003ac       0x40 ./system/src/cortexm/_initialize_hardware.o
 .debug_frame   0x000003ec      0x158 ./system/src/cortexm/exception_handlers.o
 .debug_frame   0x00000544       0x30 ./system/src/cmsis/system_stm32f4xx.o
 .debug_frame   0x00000574       0x20 ./system/src/cmsis/vectors_stm32f401xc.o
 .debug_frame   0x00000594       0xa0 ./src/DCMotor_prog.o
 .debug_frame   0x00000634       0xc0 ./src/MEXTI_prog.o
 .debug_frame   0x000006f4       0xac ./src/MGPIO_program.o
 .debug_frame   0x000007a0       0x90 ./src/MNVIC_Program.o
 .debug_frame   0x00000830       0x70 ./src/MRCC_prog.o
 .debug_frame   0x000008a0       0x98 ./src/MSYSTICK_Program.o
 .debug_frame   0x00000938       0x30 ./src/MTIMER4_prog.o
 .debug_frame   0x00000968       0x84 ./src/MUSART_Program.o
 .debug_frame   0x000009ec       0x5c ./src/main.o
 .debug_frame   0x00000a48       0x20 c:/users/user/desktop/iti_data/arm/imt_sdk/imt sdk/03- imt sdk/imt_sdk_win_64/imt_sdk_win_64/winarm/armgcc/bin/../lib/gcc/arm-none-eabi/7.2.1/../../../../arm-none-eabi/lib/thumb/v7e-m\libg_nano.a(lib_a-errno.o)
 .debug_frame   0x00000a68       0x20 c:/users/user/desktop/iti_data/arm/imt_sdk/imt sdk/03- imt sdk/imt_sdk_win_64/imt_sdk_win_64/winarm/armgcc/bin/../lib/gcc/arm-none-eabi/7.2.1/../../../../arm-none-eabi/lib/thumb/v7e-m\libg_nano.a(lib_a-memset.o)
 .debug_frame   0x00000a88       0x6c c:/users/user/desktop/iti_data/arm/imt_sdk/imt sdk/03- imt sdk/imt_sdk_win_64/imt_sdk_win_64/winarm/armgcc/bin/../lib/gcc/arm-none-eabi/7.2.1/../../../../arm-none-eabi/lib/thumb/v7e-m\libg_nano.a(lib_a-sprintf.o)
 .debug_frame   0x00000af4       0x30 c:/users/user/desktop/iti_data/arm/imt_sdk/imt sdk/03- imt sdk/imt_sdk_win_64/imt_sdk_win_64/winarm/armgcc/bin/../lib/gcc/arm-none-eabi/7.2.1/../../../../arm-none-eabi/lib/thumb/v7e-m\libg_nano.a(lib_a-strstr.o)
 .debug_frame   0x00000b24       0x4c c:/users/user/desktop/iti_data/arm/imt_sdk/imt sdk/03- imt sdk/imt_sdk_win_64/imt_sdk_win_64/winarm/armgcc/bin/../lib/gcc/arm-none-eabi/7.2.1/../../../../arm-none-eabi/lib/thumb/v7e-m\libg_nano.a(lib_a-vsnprintf.o)
 .debug_frame   0x00000b70       0x90 c:/users/user/desktop/iti_data/arm/imt_sdk/imt sdk/03- imt sdk/imt_sdk_win_64/imt_sdk_win_64/winarm/armgcc/bin/../lib/gcc/arm-none-eabi/7.2.1/../../../../arm-none-eabi/lib/thumb/v7e-m\libg_nano.a(lib_a-nano-svfprintf.o)
 .debug_frame   0x00000c00       0x60 c:/users/user/desktop/iti_data/arm/imt_sdk/imt sdk/03- imt sdk/imt_sdk_win_64/imt_sdk_win_64/winarm/armgcc/bin/../lib/gcc/arm-none-eabi/7.2.1/../../../../arm-none-eabi/lib/thumb/v7e-m\libg_nano.a(lib_a-nano-vfprintf_i.o)
 .debug_frame   0x00000c60       0x28 c:/users/user/desktop/iti_data/arm/imt_sdk/imt sdk/03- imt sdk/imt_sdk_win_64/imt_sdk_win_64/winarm/armgcc/bin/../lib/gcc/arm-none-eabi/7.2.1/../../../../arm-none-eabi/lib/thumb/v7e-m\libg_nano.a(lib_a-memcpy-stub.o)
 .debug_frame   0x00000c88       0x28 c:/users/user/desktop/iti_data/arm/imt_sdk/imt sdk/03- imt sdk/imt_sdk_win_64/imt_sdk_win_64/winarm/armgcc/bin/../lib/gcc/arm-none-eabi/7.2.1/../../../../arm-none-eabi/lib/thumb/v7e-m\libg_nano.a(lib_a-memmove.o)
 .debug_frame   0x00000cb0       0x38 c:/users/user/desktop/iti_data/arm/imt_sdk/imt sdk/03- imt sdk/imt_sdk_win_64/imt_sdk_win_64/winarm/armgcc/bin/../lib/gcc/arm-none-eabi/7.2.1/../../../../arm-none-eabi/lib/thumb/v7e-m\libg_nano.a(lib_a-nano-freer.o)
 .debug_frame   0x00000ce8       0x2c c:/users/user/desktop/iti_data/arm/imt_sdk/imt sdk/03- imt sdk/imt_sdk_win_64/imt_sdk_win_64/winarm/armgcc/bin/../lib/gcc/arm-none-eabi/7.2.1/../../../../arm-none-eabi/lib/thumb/v7e-m\libg_nano.a(lib_a-nano-mallocr.o)
 .debug_frame   0x00000d14       0x3c c:/users/user/desktop/iti_data/arm/imt_sdk/imt sdk/03- imt sdk/imt_sdk_win_64/imt_sdk_win_64/winarm/armgcc/bin/../lib/gcc/arm-none-eabi/7.2.1/../../../../arm-none-eabi/lib/thumb/v7e-m\libg_nano.a(lib_a-nano-reallocr.o)
 .debug_frame   0x00000d50       0x2c c:/users/user/desktop/iti_data/arm/imt_sdk/imt sdk/03- imt sdk/imt_sdk_win_64/imt_sdk_win_64/winarm/armgcc/bin/../lib/gcc/arm-none-eabi/7.2.1/../../../../arm-none-eabi/lib/thumb/v7e-m\libg_nano.a(lib_a-sbrkr.o)
 .debug_frame   0x00000d7c       0x30 c:/users/user/desktop/iti_data/arm/imt_sdk/imt sdk/03- imt sdk/imt_sdk_win_64/imt_sdk_win_64/winarm/armgcc/bin/../lib/gcc/arm-none-eabi/7.2.1/../../../../arm-none-eabi/lib/thumb/v7e-m\libg_nano.a(lib_a-mlock.o)
 .debug_frame   0x00000dac       0x20 c:/users/user/desktop/iti_data/arm/imt_sdk/imt sdk/03- imt sdk/imt_sdk_win_64/imt_sdk_win_64/winarm/armgcc/bin/../lib/gcc/arm-none-eabi/7.2.1/../../../../arm-none-eabi/lib/thumb/v7e-m\libg_nano.a(lib_a-nano-msizer.o)

.debug_str      0x00000000    0x7602a
 *(.debug_str)
 .debug_str     0x00000000    0x6fc63 ./system/src/stm32f4-hal/stm32f4xx_hal.o
                              0x70097 (size before relaxing)
 .debug_str     0x0006fc63     0x10ff ./system/src/newlib/_exit.o
                               0x7ef8 (size before relaxing)
 .debug_str     0x00070d62      0x4f5 ./system/src/newlib/_sbrk.o
                               0x72aa (size before relaxing)
 .debug_str     0x00071257      0x2c6 ./system/src/newlib/_startup.o
                               0x6a4b (size before relaxing)
 .debug_str     0x0007151d      0xe8b ./system/src/newlib/_syscalls.o
                               0x8185 (size before relaxing)
 .debug_str     0x000723a8      0x183 ./system/src/diag/Trace.o
                               0x8670 (size before relaxing)
 .debug_str     0x0007252b      0x37b ./system/src/diag/trace_impl.o
                              0x70996 (size before relaxing)
 .debug_str     0x000728a6       0xba ./system/src/cortexm/_initialize_hardware.o
                              0x6f728 (size before relaxing)
 .debug_str     0x00072960      0x1a6 ./system/src/cortexm/exception_handlers.o
                              0x70b20 (size before relaxing)
 .debug_str     0x00072b06       0x65 ./system/src/cmsis/system_stm32f4xx.o
                              0x6f809 (size before relaxing)
 .debug_str     0x00072b6b       0x59 ./system/src/cmsis/vectors_stm32f401xc.o
                               0x3888 (size before relaxing)
 .debug_str     0x00072bc4     0x15d7 ./src/DCMotor_prog.o
                               0x4364 (size before relaxing)
 .debug_str     0x0007419b      0x3b9 ./src/MEXTI_prog.o
                               0x3348 (size before relaxing)
 .debug_str     0x00074554      0x19f ./src/MGPIO_program.o
                               0x4435 (size before relaxing)
 .debug_str     0x000746f3      0x2c7 ./src/MNVIC_Program.o
                               0x3295 (size before relaxing)
 .debug_str     0x000749ba      0xbcd ./src/MRCC_prog.o
                               0x3c64 (size before relaxing)
 .debug_str     0x00075587      0x1da ./src/MSYSTICK_Program.o
                               0x3189 (size before relaxing)
 .debug_str     0x00075761      0x17b ./src/MTIMER4_prog.o
                               0x30f9 (size before relaxing)
 .debug_str     0x000758dc      0x6b2 ./src/MUSART_Program.o
                               0x366e (size before relaxing)
 .debug_str     0x00075f8e       0x9c ./src/main.o
                               0x96a8 (size before relaxing)

.debug_loc      0x00000000     0x2265
 *(.debug_loc)
 .debug_loc     0x00000000       0x92 ./system/src/stm32f4-hal/stm32f4xx_hal.o
 .debug_loc     0x00000092       0x85 ./system/src/newlib/_sbrk.o
 .debug_loc     0x00000117      0x2cb ./system/src/newlib/_startup.o
 .debug_loc     0x000003e2       0x63 ./system/src/newlib/_syscalls.o
 .debug_loc     0x00000445       0xf6 ./system/src/diag/Trace.o
 .debug_loc     0x0000053b      0x121 ./system/src/diag/trace_impl.o
 .debug_loc     0x0000065c      0x291 ./system/src/cortexm/exception_handlers.o
 .debug_loc     0x000008ed      0x13e ./system/src/cmsis/system_stm32f4xx.o
 .debug_loc     0x00000a2b      0x127 ./src/MEXTI_prog.o
 .debug_loc     0x00000b52     0x1079 ./src/MGPIO_program.o
 .debug_loc     0x00001bcb      0x228 ./src/MNVIC_Program.o
 .debug_loc     0x00001df3      0x235 ./src/MRCC_prog.o
 .debug_loc     0x00002028       0xa5 ./src/MSYSTICK_Program.o
 .debug_loc     0x000020cd       0x20 ./src/MTIMER4_prog.o
 .debug_loc     0x000020ed      0x159 ./src/MUSART_Program.o
 .debug_loc     0x00002246       0x1f ./src/main.o

.debug_macinfo
 *(.debug_macinfo)

.debug_weaknames
 *(.debug_weaknames)

.debug_funcnames
 *(.debug_funcnames)

.debug_typenames
 *(.debug_typenames)

.debug_varnames
 *(.debug_varnames)
OUTPUT(GPS_DC MotorControl.elf elf32-littlearm)

.debug_ranges   0x00000000      0x4f0
 .debug_ranges  0x00000000       0xb0 ./system/src/stm32f4-hal/stm32f4xx_hal.o
 .debug_ranges  0x000000b0       0x18 ./system/src/newlib/_exit.o
 .debug_ranges  0x000000c8       0x10 ./system/src/newlib/_sbrk.o
 .debug_ranges  0x000000d8       0x90 ./system/src/newlib/_startup.o
 .debug_ranges  0x00000168       0x20 ./system/src/newlib/_syscalls.o
 .debug_ranges  0x00000188       0x28 ./system/src/diag/Trace.o
 .debug_ranges  0x000001b0       0x50 ./system/src/diag/trace_impl.o
 .debug_ranges  0x00000200       0x18 ./system/src/cortexm/_initialize_hardware.o
 .debug_ranges  0x00000218       0x80 ./system/src/cortexm/exception_handlers.o
 .debug_ranges  0x00000298       0x18 ./system/src/cmsis/system_stm32f4xx.o
 .debug_ranges  0x000002b0       0x10 ./system/src/cmsis/vectors_stm32f401xc.o
 .debug_ranges  0x000002c0       0x38 ./src/DCMotor_prog.o
 .debug_ranges  0x000002f8       0x58 ./src/MEXTI_prog.o
 .debug_ranges  0x00000350       0x50 ./src/MGPIO_program.o
 .debug_ranges  0x000003a0       0x48 ./src/MNVIC_Program.o
 .debug_ranges  0x000003e8       0x38 ./src/MRCC_prog.o
 .debug_ranges  0x00000420       0x48 ./src/MSYSTICK_Program.o
 .debug_ranges  0x00000468       0x18 ./src/MTIMER4_prog.o
 .debug_ranges  0x00000480       0x38 ./src/MUSART_Program.o
 .debug_ranges  0x000004b8       0x38 ./src/main.o

.debug_macro    0x00000000    0x14609
 .debug_macro   0x00000000      0x532 ./system/src/stm32f4-hal/stm32f4xx_hal.o
 .debug_macro   0x00000532      0xa6c ./system/src/stm32f4-hal/stm32f4xx_hal.o
 .debug_macro   0x00000f9e      0x289 ./system/src/stm32f4-hal/stm32f4xx_hal.o
 .debug_macro   0x00001227       0x31 ./system/src/stm32f4-hal/stm32f4xx_hal.o
 .debug_macro   0x00001258       0x28 ./system/src/stm32f4-hal/stm32f4xx_hal.o
 .debug_macro   0x00001280      0x34e ./system/src/stm32f4-hal/stm32f4xx_hal.o
 .debug_macro   0x000015ce       0x35 ./system/src/stm32f4-hal/stm32f4xx_hal.o
 .debug_macro   0x00001603       0x50 ./system/src/stm32f4-hal/stm32f4xx_hal.o
 .debug_macro   0x00001653      0xe66 ./system/src/stm32f4-hal/stm32f4xx_hal.o
 .debug_macro   0x000024b9     0x5099 ./system/src/stm32f4-hal/stm32f4xx_hal.o
 .debug_macro   0x00007552       0x43 ./system/src/stm32f4-hal/stm32f4xx_hal.o
 .debug_macro   0x00007595     0x347f ./system/src/stm32f4-hal/stm32f4xx_hal.o
 .debug_macro   0x0000aa14       0x22 ./system/src/stm32f4-hal/stm32f4xx_hal.o
 .debug_macro   0x0000aa36       0x52 ./system/src/stm32f4-hal/stm32f4xx_hal.o
 .debug_macro   0x0000aa88       0x17 ./system/src/stm32f4-hal/stm32f4xx_hal.o
 .debug_macro   0x0000aa9f       0x8d ./system/src/stm32f4-hal/stm32f4xx_hal.o
 .debug_macro   0x0000ab2c       0x35 ./system/src/stm32f4-hal/stm32f4xx_hal.o
 .debug_macro   0x0000ab61       0x9c ./system/src/stm32f4-hal/stm32f4xx_hal.o
 .debug_macro   0x0000abfd       0x16 ./system/src/stm32f4-hal/stm32f4xx_hal.o
 .debug_macro   0x0000ac13       0x57 ./system/src/stm32f4-hal/stm32f4xx_hal.o
 .debug_macro   0x0000ac6a       0x97 ./system/src/stm32f4-hal/stm32f4xx_hal.o
 .debug_macro   0x0000ad01      0x330 ./system/src/stm32f4-hal/stm32f4xx_hal.o
 .debug_macro   0x0000b031       0xfd ./system/src/stm32f4-hal/stm32f4xx_hal.o
 .debug_macro   0x0000b12e       0x10 ./system/src/stm32f4-hal/stm32f4xx_hal.o
 .debug_macro   0x0000b13e       0x58 ./system/src/stm32f4-hal/stm32f4xx_hal.o
 .debug_macro   0x0000b196       0x1f ./system/src/stm32f4-hal/stm32f4xx_hal.o
 .debug_macro   0x0000b1b5       0x43 ./system/src/stm32f4-hal/stm32f4xx_hal.o
 .debug_macro   0x0000b1f8       0x20 ./system/src/stm32f4-hal/stm32f4xx_hal.o
 .debug_macro   0x0000b218      0x18e ./system/src/stm32f4-hal/stm32f4xx_hal.o
 .debug_macro   0x0000b3a6       0x10 ./system/src/stm32f4-hal/stm32f4xx_hal.o
 .debug_macro   0x0000b3b6       0x6a ./system/src/stm32f4-hal/stm32f4xx_hal.o
 .debug_macro   0x0000b420       0x1c ./system/src/stm32f4-hal/stm32f4xx_hal.o
 .debug_macro   0x0000b43c       0x52 ./system/src/stm32f4-hal/stm32f4xx_hal.o
 .debug_macro   0x0000b48e       0x40 ./system/src/stm32f4-hal/stm32f4xx_hal.o
 .debug_macro   0x0000b4ce       0x10 ./system/src/stm32f4-hal/stm32f4xx_hal.o
 .debug_macro   0x0000b4de       0x40 ./system/src/stm32f4-hal/stm32f4xx_hal.o
 .debug_macro   0x0000b51e       0xd7 ./system/src/stm32f4-hal/stm32f4xx_hal.o
 .debug_macro   0x0000b5f5       0x1c ./system/src/stm32f4-hal/stm32f4xx_hal.o
 .debug_macro   0x0000b611       0x3d ./system/src/stm32f4-hal/stm32f4xx_hal.o
 .debug_macro   0x0000b64e       0x16 ./system/src/stm32f4-hal/stm32f4xx_hal.o
 .debug_macro   0x0000b664      0x16f ./system/src/stm32f4-hal/stm32f4xx_hal.o
 .debug_macro   0x0000b7d3       0x57 ./system/src/stm32f4-hal/stm32f4xx_hal.o
 .debug_macro   0x0000b82a      0x424 ./system/src/stm32f4-hal/stm32f4xx_hal.o
 .debug_macro   0x0000bc4e      0x9e1 ./system/src/stm32f4-hal/stm32f4xx_hal.o
 .debug_macro   0x0000c62f      0x11e ./system/src/stm32f4-hal/stm32f4xx_hal.o
 .debug_macro   0x0000c74d       0xf8 ./system/src/stm32f4-hal/stm32f4xx_hal.o
 .debug_macro   0x0000c845       0x27 ./system/src/stm32f4-hal/stm32f4xx_hal.o
 .debug_macro   0x0000c86c      0x287 ./system/src/stm32f4-hal/stm32f4xx_hal.o
 .debug_macro   0x0000caf3       0x5f ./system/src/stm32f4-hal/stm32f4xx_hal.o
 .debug_macro   0x0000cb52      0x23a ./system/src/stm32f4-hal/stm32f4xx_hal.o
 .debug_macro   0x0000cd8c      0x391 ./system/src/stm32f4-hal/stm32f4xx_hal.o
 .debug_macro   0x0000d11d      0x16f ./system/src/stm32f4-hal/stm32f4xx_hal.o
 .debug_macro   0x0000d28c       0xf9 ./system/src/stm32f4-hal/stm32f4xx_hal.o
 .debug_macro   0x0000d385       0x23 ./system/src/stm32f4-hal/stm32f4xx_hal.o
 .debug_macro   0x0000d3a8      0x13a ./system/src/stm32f4-hal/stm32f4xx_hal.o
 .debug_macro   0x0000d4e2      0x23a ./system/src/stm32f4-hal/stm32f4xx_hal.o
 .debug_macro   0x0000d71c       0x2e ./system/src/stm32f4-hal/stm32f4xx_hal.o
 .debug_macro   0x0000d74a      0x1a7 ./system/src/stm32f4-hal/stm32f4xx_hal.o
 .debug_macro   0x0000d8f1       0x22 ./system/src/stm32f4-hal/stm32f4xx_hal.o
 .debug_macro   0x0000d913       0xa5 ./system/src/stm32f4-hal/stm32f4xx_hal.o
 .debug_macro   0x0000d9b8      0x18b ./system/src/stm32f4-hal/stm32f4xx_hal.o
 .debug_macro   0x0000db43       0x24 ./system/src/stm32f4-hal/stm32f4xx_hal.o
 .debug_macro   0x0000db67       0x35 ./system/src/stm32f4-hal/stm32f4xx_hal.o
 .debug_macro   0x0000db9c       0x79 ./system/src/stm32f4-hal/stm32f4xx_hal.o
 .debug_macro   0x0000dc15      0x11e ./system/src/stm32f4-hal/stm32f4xx_hal.o
 .debug_macro   0x0000dd33       0x85 ./system/src/stm32f4-hal/stm32f4xx_hal.o
 .debug_macro   0x0000ddb8       0x89 ./system/src/stm32f4-hal/stm32f4xx_hal.o
 .debug_macro   0x0000de41      0x31a ./system/src/stm32f4-hal/stm32f4xx_hal.o
 .debug_macro   0x0000e15b      0x409 ./system/src/stm32f4-hal/stm32f4xx_hal.o
 .debug_macro   0x0000e564       0xe4 ./system/src/stm32f4-hal/stm32f4xx_hal.o
 .debug_macro   0x0000e648      0x48d ./system/src/stm32f4-hal/stm32f4xx_hal.o
 .debug_macro   0x0000ead5      0x22b ./system/src/stm32f4-hal/stm32f4xx_hal.o
 .debug_macro   0x0000ed00      0x202 ./system/src/stm32f4-hal/stm32f4xx_hal.o
 .debug_macro   0x0000ef02      0x6d9 ./system/src/stm32f4-hal/stm32f4xx_hal.o
 .debug_macro   0x0000f5db       0x5b ./system/src/stm32f4-hal/stm32f4xx_hal.o
 .debug_macro   0x0000f636      0x14d ./system/src/stm32f4-hal/stm32f4xx_hal.o
 .debug_macro   0x0000f783      0x287 ./system/src/stm32f4-hal/stm32f4xx_hal.o
 .debug_macro   0x0000fa0a      0x225 ./system/src/stm32f4-hal/stm32f4xx_hal.o
 .debug_macro   0x0000fc2f      0x1b5 ./system/src/stm32f4-hal/stm32f4xx_hal.o
 .debug_macro   0x0000fde4      0x2db ./system/src/stm32f4-hal/stm32f4xx_hal.o
 .debug_macro   0x000100bf       0x89 ./system/src/stm32f4-hal/stm32f4xx_hal.o
 .debug_macro   0x00010148      0x1df ./system/src/stm32f4-hal/stm32f4xx_hal.o
 .debug_macro   0x00010327      0x115 ./system/src/stm32f4-hal/stm32f4xx_hal.o
 .debug_macro   0x0001043c       0x6e ./system/src/stm32f4-hal/stm32f4xx_hal.o
 .debug_macro   0x000104aa      0x11e ./system/src/stm32f4-hal/stm32f4xx_hal.o
 .debug_macro   0x000105c8      0x1b4 ./system/src/newlib/_exit.o
 .debug_macro   0x0001077c      0x10e ./system/src/newlib/_exit.o
 .debug_macro   0x0001088a       0x8d ./system/src/newlib/_exit.o
 .debug_macro   0x00010917       0x35 ./system/src/newlib/_exit.o
 .debug_macro   0x0001094c      0x169 ./system/src/newlib/_sbrk.o
 .debug_macro   0x00010ab5      0x174 ./system/src/newlib/_sbrk.o
 .debug_macro   0x00010c29       0x10 ./system/src/newlib/_sbrk.o
 .debug_macro   0x00010c39      0x23b ./system/src/newlib/_sbrk.o
 .debug_macro   0x00010e74      0x173 ./system/src/newlib/_startup.o
 .debug_macro   0x00010fe7      0xa72 ./system/src/newlib/_startup.o
 .debug_macro   0x00011a59      0x217 ./system/src/newlib/_syscalls.o
 .debug_macro   0x00011c70       0x1c ./system/src/newlib/_syscalls.o
 .debug_macro   0x00011c8c       0x10 ./system/src/newlib/_syscalls.o
 .debug_macro   0x00011c9c       0x10 ./system/src/newlib/_syscalls.o
 .debug_macro   0x00011cac       0x10 ./system/src/newlib/_syscalls.o
 .debug_macro   0x00011cbc       0x35 ./system/src/newlib/_syscalls.o
 .debug_macro   0x00011cf1      0x122 ./system/src/newlib/_syscalls.o
 .debug_macro   0x00011e13       0x88 ./system/src/newlib/_syscalls.o
 .debug_macro   0x00011e9b       0x2b ./system/src/newlib/_syscalls.o
 .debug_macro   0x00011ec6      0x118 ./system/src/newlib/_syscalls.o
 .debug_macro   0x00011fde      0x189 ./system/src/newlib/_syscalls.o
 .debug_macro   0x00012167       0x16 ./system/src/newlib/_syscalls.o
 .debug_macro   0x0001217d      0x1fb ./system/src/diag/Trace.o
 .debug_macro   0x00012378       0x4c ./system/src/diag/Trace.o
 .debug_macro   0x000123c4       0x16 ./system/src/diag/Trace.o
 .debug_macro   0x000123da      0x52a ./system/src/diag/trace_impl.o
 .debug_macro   0x00012904       0x22 ./system/src/diag/trace_impl.o
 .debug_macro   0x00012926      0x4ee ./system/src/cortexm/_initialize_hardware.o
 .debug_macro   0x00012e14      0x557 ./system/src/cortexm/exception_handlers.o
 .debug_macro   0x0001336b       0x3b ./system/src/cortexm/exception_handlers.o
 .debug_macro   0x000133a6      0x4ea ./system/src/cmsis/system_stm32f4xx.o
 .debug_macro   0x00013890       0x34 ./system/src/cmsis/vectors_stm32f401xc.o
 .debug_macro   0x000138c4       0x59 ./src/DCMotor_prog.o
 .debug_macro   0x0001391d       0x1c ./src/DCMotor_prog.o
 .debug_macro   0x00013939       0x46 ./src/DCMotor_prog.o
 .debug_macro   0x0001397f      0x1d1 ./src/DCMotor_prog.o
 .debug_macro   0x00013b50      0x162 ./src/DCMotor_prog.o
 .debug_macro   0x00013cb2       0x48 ./src/MEXTI_prog.o
 .debug_macro   0x00013cfa       0xa6 ./src/MEXTI_prog.o
 .debug_macro   0x00013da0       0x28 ./src/MEXTI_prog.o
 .debug_macro   0x00013dc8       0x16 ./src/MEXTI_prog.o
 .debug_macro   0x00013dde       0x63 ./src/MGPIO_program.o
 .debug_macro   0x00013e41       0x4a ./src/MNVIC_Program.o
 .debug_macro   0x00013e8b       0x22 ./src/MNVIC_Program.o
 .debug_macro   0x00013ead       0x62 ./src/MRCC_prog.o
 .debug_macro   0x00013f0f       0x9a ./src/MRCC_prog.o
 .debug_macro   0x00013fa9       0x1c ./src/MRCC_prog.o
 .debug_macro   0x00013fc5      0x18c ./src/MRCC_prog.o
 .debug_macro   0x00014151       0x4f ./src/MSYSTICK_Program.o
 .debug_macro   0x000141a0       0x16 ./src/MSYSTICK_Program.o
 .debug_macro   0x000141b6       0x16 ./src/MSYSTICK_Program.o
 .debug_macro   0x000141cc       0x36 ./src/MTIMER4_prog.o
 .debug_macro   0x00014202       0x16 ./src/MTIMER4_prog.o
 .debug_macro   0x00014218       0x49 ./src/MUSART_Program.o
 .debug_macro   0x00014261       0x2e ./src/MUSART_Program.o
 .debug_macro   0x0001428f      0x124 ./src/MUSART_Program.o
 .debug_macro   0x000143b3      0x256 ./src/main.o
